Archive member included to satisfy reference by file (symbol)

/Applications/STM32CubeIDE.app/Contents/Eclipse/plugins/com.st.stm32cube.ide.mcu.externaltools.gnu-tools-for-stm32.9-2020-q2-update.macos64_2.0.0.202105311346/tools/bin/../lib/gcc/arm-none-eabi/9.3.1/../../../../arm-none-eabi/lib/thumb/v7e-m+fp/hard/libc_nano.a(lib_a-errno.o)
                              ./Core/Src/syscalls.o (__errno)
/Applications/STM32CubeIDE.app/Contents/Eclipse/plugins/com.st.stm32cube.ide.mcu.externaltools.gnu-tools-for-stm32.9-2020-q2-update.macos64_2.0.0.202105311346/tools/bin/../lib/gcc/arm-none-eabi/9.3.1/../../../../arm-none-eabi/lib/thumb/v7e-m+fp/hard/libc_nano.a(lib_a-exit.o)
                              /Applications/STM32CubeIDE.app/Contents/Eclipse/plugins/com.st.stm32cube.ide.mcu.externaltools.gnu-tools-for-stm32.9-2020-q2-update.macos64_2.0.0.202105311346/tools/bin/../lib/gcc/arm-none-eabi/9.3.1/../../../../arm-none-eabi/lib/thumb/v7e-m+fp/hard/crt0.o (exit)
/Applications/STM32CubeIDE.app/Contents/Eclipse/plugins/com.st.stm32cube.ide.mcu.externaltools.gnu-tools-for-stm32.9-2020-q2-update.macos64_2.0.0.202105311346/tools/bin/../lib/gcc/arm-none-eabi/9.3.1/../../../../arm-none-eabi/lib/thumb/v7e-m+fp/hard/libc_nano.a(lib_a-impure.o)
                              /Applications/STM32CubeIDE.app/Contents/Eclipse/plugins/com.st.stm32cube.ide.mcu.externaltools.gnu-tools-for-stm32.9-2020-q2-update.macos64_2.0.0.202105311346/tools/bin/../lib/gcc/arm-none-eabi/9.3.1/../../../../arm-none-eabi/lib/thumb/v7e-m+fp/hard/libc_nano.a(lib_a-exit.o) (_global_impure_ptr)
/Applications/STM32CubeIDE.app/Contents/Eclipse/plugins/com.st.stm32cube.ide.mcu.externaltools.gnu-tools-for-stm32.9-2020-q2-update.macos64_2.0.0.202105311346/tools/bin/../lib/gcc/arm-none-eabi/9.3.1/../../../../arm-none-eabi/lib/thumb/v7e-m+fp/hard/libc_nano.a(lib_a-init.o)
                              /Applications/STM32CubeIDE.app/Contents/Eclipse/plugins/com.st.stm32cube.ide.mcu.externaltools.gnu-tools-for-stm32.9-2020-q2-update.macos64_2.0.0.202105311346/tools/bin/../lib/gcc/arm-none-eabi/9.3.1/../../../../arm-none-eabi/lib/thumb/v7e-m+fp/hard/crt0.o (__libc_init_array)
/Applications/STM32CubeIDE.app/Contents/Eclipse/plugins/com.st.stm32cube.ide.mcu.externaltools.gnu-tools-for-stm32.9-2020-q2-update.macos64_2.0.0.202105311346/tools/bin/../lib/gcc/arm-none-eabi/9.3.1/../../../../arm-none-eabi/lib/thumb/v7e-m+fp/hard/libc_nano.a(lib_a-memset.o)
                              /Applications/STM32CubeIDE.app/Contents/Eclipse/plugins/com.st.stm32cube.ide.mcu.externaltools.gnu-tools-for-stm32.9-2020-q2-update.macos64_2.0.0.202105311346/tools/bin/../lib/gcc/arm-none-eabi/9.3.1/../../../../arm-none-eabi/lib/thumb/v7e-m+fp/hard/crt0.o (memset)
/Applications/STM32CubeIDE.app/Contents/Eclipse/plugins/com.st.stm32cube.ide.mcu.externaltools.gnu-tools-for-stm32.9-2020-q2-update.macos64_2.0.0.202105311346/tools/bin/../lib/gcc/arm-none-eabi/9.3.1/../../../../arm-none-eabi/lib/thumb/v7e-m+fp/hard/libc_nano.a(lib_a-sprintf.o)
                              ./Core/Src/main.o (sprintf)
/Applications/STM32CubeIDE.app/Contents/Eclipse/plugins/com.st.stm32cube.ide.mcu.externaltools.gnu-tools-for-stm32.9-2020-q2-update.macos64_2.0.0.202105311346/tools/bin/../lib/gcc/arm-none-eabi/9.3.1/../../../../arm-none-eabi/lib/thumb/v7e-m+fp/hard/libc_nano.a(lib_a-strlen.o)
                              ./Core/Src/main.o (strlen)
/Applications/STM32CubeIDE.app/Contents/Eclipse/plugins/com.st.stm32cube.ide.mcu.externaltools.gnu-tools-for-stm32.9-2020-q2-update.macos64_2.0.0.202105311346/tools/bin/../lib/gcc/arm-none-eabi/9.3.1/../../../../arm-none-eabi/lib/thumb/v7e-m+fp/hard/libc_nano.a(lib_a-nano-svfprintf.o)
                              /Applications/STM32CubeIDE.app/Contents/Eclipse/plugins/com.st.stm32cube.ide.mcu.externaltools.gnu-tools-for-stm32.9-2020-q2-update.macos64_2.0.0.202105311346/tools/bin/../lib/gcc/arm-none-eabi/9.3.1/../../../../arm-none-eabi/lib/thumb/v7e-m+fp/hard/libc_nano.a(lib_a-sprintf.o) (_svfprintf_r)
/Applications/STM32CubeIDE.app/Contents/Eclipse/plugins/com.st.stm32cube.ide.mcu.externaltools.gnu-tools-for-stm32.9-2020-q2-update.macos64_2.0.0.202105311346/tools/bin/../lib/gcc/arm-none-eabi/9.3.1/../../../../arm-none-eabi/lib/thumb/v7e-m+fp/hard/libc_nano.a(lib_a-nano-vfprintf_i.o)
                              /Applications/STM32CubeIDE.app/Contents/Eclipse/plugins/com.st.stm32cube.ide.mcu.externaltools.gnu-tools-for-stm32.9-2020-q2-update.macos64_2.0.0.202105311346/tools/bin/../lib/gcc/arm-none-eabi/9.3.1/../../../../arm-none-eabi/lib/thumb/v7e-m+fp/hard/libc_nano.a(lib_a-nano-svfprintf.o) (_printf_i)
/Applications/STM32CubeIDE.app/Contents/Eclipse/plugins/com.st.stm32cube.ide.mcu.externaltools.gnu-tools-for-stm32.9-2020-q2-update.macos64_2.0.0.202105311346/tools/bin/../lib/gcc/arm-none-eabi/9.3.1/../../../../arm-none-eabi/lib/thumb/v7e-m+fp/hard/libc_nano.a(lib_a-memchr.o)
[...]
Memory Configuration

Name             Origin             Length             Attributes
RAM              0x0000000020000000 0x0000000000020000 xrw
FLASH            0x0000000008000000 0x0000000000080000 xr
*default*        0x0000000000000000 0xffffffffffffffff

Linker script and memory map

LOAD /Applications/STM32CubeIDE.app/Contents/Eclipse/plugins/com.st.stm32cube.ide.mcu.externaltools.gnu-tools-for-stm32.9-2020-q2-update.macos64_2.0.0.202105311346/tools/bin/../lib/gcc/arm-none-eabi/9.3.1/thumb/v7e-m+fp/hard/crti.o
LOAD /Applications/STM32CubeIDE.app/Contents/Eclipse/plugins/com.st.stm32cube.ide.mcu.externaltools.gnu-tools-for-stm32.9-2020-q2-update.macos64_2.0.0.202105311346/tools/bin/../lib/gcc/arm-none-eabi/9.3.1/thumb/v7e-m+fp/hard/crtbegin.o
LOAD /Applications/STM32CubeIDE.app/Contents/Eclipse/plugins/com.st.stm32cube.ide.mcu.externaltools.gnu-tools-for-stm32.9-2020-q2-update.macos64_2.0.0.202105311346/tools/bin/../lib/gcc/arm-none-eabi/9.3.1/../../../../arm-none-eabi/lib/thumb/v7e-m+fp/hard/crt0.o
LOAD ./Core/Src/gpio.o
LOAD ./Core/Src/main.o
LOAD ./Core/Src/spi.o
LOAD ./Core/Src/stm32f4xx_hal_msp.o
LOAD ./Core/Src/stm32f4xx_it.o
LOAD ./Core/Src/syscalls.o
LOAD ./Core/Src/sysmem.o
LOAD ./Core/Src/system_stm32f4xx.o
LOAD ./Core/Src/usart.o
LOAD ./Core/Startup/startup_stm32f411vetx.o
LOAD ./Drivers/STM32F4xx_HAL_Driver/Src/stm32f4xx_hal.o
LOAD ./Drivers/STM32F4xx_HAL_Driver/Src/stm32f4xx_hal_cortex.o
LOAD ./Drivers/STM32F4xx_HAL_Driver/Src/stm32f4xx_hal_dma.o
LOAD ./Drivers/STM32F4xx_HAL_Driver/Src/stm32f4xx_hal_dma_ex.o
LOAD ./Drivers/STM32F4xx_HAL_Driver/Src/stm32f4xx_hal_exti.o
LOAD ./Drivers/STM32F4xx_HAL_Driver/Src/stm32f4xx_hal_flash.o
LOAD ./Drivers/STM32F4xx_HAL_Driver/Src/stm32f4xx_hal_flash_ex.o
LOAD ./Drivers/STM32F4xx_HAL_Driver/Src/stm32f4xx_hal_flash_ramfunc.o
LOAD ./Drivers/STM32F4xx_HAL_Driver/Src/stm32f4xx_hal_gpio.o
LOAD ./Drivers/STM32F4xx_HAL_Driver/Src/stm32f4xx_hal_pwr.o
LOAD ./Drivers/STM32F4xx_HAL_Driver/Src/stm32f4xx_hal_pwr_ex.o
LOAD ./Drivers/STM32F4xx_HAL_Driver/Src/stm32f4xx_hal_rcc.o
LOAD ./Drivers/STM32F4xx_HAL_Driver/Src/stm32f4xx_hal_rcc_ex.o
LOAD ./Drivers/STM32F4xx_HAL_Driver/Src/stm32f4xx_hal_spi.o
LOAD ./Drivers/STM32F4xx_HAL_Driver/Src/stm32f4xx_hal_tim.o
LOAD ./Drivers/STM32F4xx_HAL_Driver/Src/stm32f4xx_hal_tim_ex.o
LOAD ./Drivers/STM32F4xx_HAL_Driver/Src/stm32f4xx_hal_uart.o
LOAD ./FATFS/App/fatfs.o
LOAD ./FATFS/Target/user_diskio.o
LOAD ./FATFS/Target/user_diskio_spi.o
LOAD ./Middlewares/Third_Party/FatFs/src/diskio.o
LOAD ./Middlewares/Third_Party/FatFs/src/ff.o
LOAD ./Middlewares/Third_Party/FatFs/src/ff_gen_drv.o
LOAD ./Middlewares/Third_Party/FatFs/src/option/syscall.o
START GROUP
LOAD /Applications/STM32CubeIDE.app/Contents/Eclipse/plugins/com.st.stm32cube.ide.mcu.externaltools.gnu-tools-for-stm32.9-2020-q2-update.macos64_2.0.0.202105311346/tools/bin/../lib/gcc/arm-none-eabi/9.3.1/../../../../arm-none-eabi/lib/thumb/v7e-m+fp/hard/libc_nano.a
LOAD /Applications/STM32CubeIDE.app/Contents/Eclipse/plugins/com.st.stm32cube.ide.mcu.externaltools.gnu-tools-for-stm32.9-2020-q2-update.macos64_2.0.0.202105311346/tools/bin/../lib/gcc/arm-none-eabi/9.3.1/../../../../arm-none-eabi/lib/thumb/v7e-m+fp/hard/libm.a
END GROUP
START GROUP
LOAD /Applications/STM32CubeIDE.app/Contents/Eclipse/plugins/com.st.stm32cube.ide.mcu.externaltools.gnu-tools-for-stm32.9-2020-q2-update.macos64_2.0.0.202105311346/tools/bin/../lib/gcc/arm-none-eabi/9.3.1/thumb/v7e-m+fp/hard/libgcc.a
LOAD /Applications/STM32CubeIDE.app/Contents/Eclipse/plugins/com.st.stm32cube.ide.mcu.externaltools.gnu-tools-for-stm32.9-2020-q2-update.macos64_2.0.0.202105311346/tools/bin/../lib/gcc/arm-none-eabi/9.3.1/../../../../arm-none-eabi/lib/thumb/v7e-m+fp/hard/libc_nano.a
END GROUP
START GROUP
LOAD /Applications/STM32CubeIDE.app/Contents/Eclipse/plugins/com.st.stm32cube.ide.mcu.externaltools.gnu-tools-for-stm32.9-2020-q2-update.macos64_2.0.0.202105311346/tools/bin/../lib/gcc/arm-none-eabi/9.3.1/thumb/v7e-m+fp/hard/libgcc.a
LOAD /Applications/STM32CubeIDE.app/Contents/Eclipse/plugins/com.st.stm32cube.ide.mcu.externaltools.gnu-tools-for-stm32.9-2020-q2-update.macos64_2.0.0.202105311346/tools/bin/../lib/gcc/arm-none-eabi/9.3.1/../../../../arm-none-eabi/lib/thumb/v7e-m+fp/hard/libc_nano.a
LOAD /Applications/STM32CubeIDE.app/Contents/Eclipse/plugins/com.st.stm32cube.ide.mcu.externaltools.gnu-tools-for-stm32.9-2020-q2-update.macos64_2.0.0.202105311346/tools/bin/../lib/gcc/arm-none-eabi/9.3.1/../../../../arm-none-eabi/lib/thumb/v7e-m+fp/hard/libnosys.a
END GROUP
START GROUP
LOAD /Applications/STM32CubeIDE.app/Contents/Eclipse/plugins/com.st.stm32cube.ide.mcu.externaltools.gnu-tools-for-stm32.9-2020-q2-update.macos64_2.0.0.202105311346/tools/bin/../lib/gcc/arm-none-eabi/9.3.1/thumb/v7e-m+fp/hard/libgcc.a
LOAD /Applications/STM32CubeIDE.app/Contents/Eclipse/plugins/com.st.stm32cube.ide.mcu.externaltools.gnu-tools-for-stm32.9-2020-q2-update.macos64_2.0.0.202105311346/tools/bin/../lib/gcc/arm-none-eabi/9.3.1/../../../../arm-none-eabi/lib/thumb/v7e-m+fp/hard/libc_nano.a
LOAD /Applications/STM32CubeIDE.app/Contents/Eclipse/plugins/com.st.stm32cube.ide.mcu.externaltools.gnu-tools-for-stm32.9-2020-q2-update.macos64_2.0.0.202105311346/tools/bin/../lib/gcc/arm-none-eabi/9.3.1/../../../../arm-none-eabi/lib/thumb/v7e-m+fp/hard/libnosys.a
END GROUP
LOAD /Applications/STM32CubeIDE.app/Contents/Eclipse/plugins/com.st.stm32cube.ide.mcu.externaltools.gnu-tools-for-stm32.9-2020-q2-update.macos64_2.0.0.202105311346/tools/bin/../lib/gcc/arm-none-eabi/9.3.1/thumb/v7e-m+fp/hard/crtend.o
LOAD /Applications/STM32CubeIDE.app/Contents/Eclipse/plugins/com.st.stm32cube.ide.mcu.externaltools.gnu-tools-for-stm32.9-2020-q2-update.macos64_2.0.0.202105311346/tools/bin/../lib/gcc/arm-none-eabi/9.3.1/thumb/v7e-m+fp/hard/crtn.o
                0x0000000020020000                _estack = (ORIGIN (RAM) + LENGTH (RAM))
                0x0000000000000200                _Min_Heap_Size = 0x200
                0x0000000000000400                _Min_Stack_Size = 0x400

.isr_vector     0x0000000008000000      0x198
                0x0000000008000000                . = ALIGN (0x4)
 *(.isr_vector)
 .isr_vector    0x0000000008000000      0x198 ./Core/Startup/startup_stm32f411vetx.o
                0x0000000008000000                g_pfnVectors
                0x0000000008000198                . = ALIGN (0x4)

.text           0x00000000080001a0     0x7af8
                0x00000000080001a0                . = ALIGN (0x4)
 *(.text)
 .text          0x00000000080001a0       0x40 /Applications/STM32CubeIDE.app/Contents/Eclipse/plugins/com.st.stm32cube.ide.mcu.externaltools.gnu-tools-for-stm32.9-2020-q2-update.macos64_2.0.0.202105311346/tools/bin/../lib/gcc/arm-none-eabi/9.3.1/thumb/v7e-m+fp/hard/crtbegin.o
 .text          0x00000000080001e0       0x10 /Applications/STM32CubeIDE.app/Contents/Eclipse/plugins/com.st.stm32cube.ide.mcu.externaltools.gnu-tools-for-stm32.9-2020-q2-update.macos64_2.0.0.202105311346/tools/bin/../lib/gcc/arm-none-eabi/9.3.1/../../../../arm-none-eabi/lib/thumb/v7e-m+fp/hard/libc_nano.a(lib_a-strlen.o)
                0x00000000080001e0                strlen
 .text          0x00000000080001f0       0xa0 /Applications/STM32CubeIDE.app/Contents/Eclipse/plugins/com.st.stm32cube.ide.mcu.externaltools.gnu-tools-for-stm32.9-2020-q2-update.macos64_2.0.0.202105311346/tools/bin/../lib/gcc/arm-none-eabi/9.3.1/../../../../arm-none-eabi/lib/thumb/v7e-m+fp/hard/libc_nano.a(lib_a-memchr.o)
                0x00000000080001f0                memchr
 .text          0x0000000008000290       0x30 /Applications/STM32CubeIDE.app/Contents/Eclipse/plugins/com.st.stm32cube.ide.mcu.externaltools.gnu-tools-for-stm32.9-2020-q2-update.macos64_2.0.0.202105311346/tools/bin/../lib/gcc/arm-none-eabi/9.3.1/thumb/v7e-m+fp/hard/libgcc.a(_aeabi_uldivmod.o)
                0x0000000008000290                __aeabi_uldivmod
 .text          0x00000000080002c0      0x2c4 /Applications/STM32CubeIDE.app/Contents/Eclipse/plugins/com.st.stm32cube.ide.mcu.externaltools.gnu-tools-for-stm32.9-2020-q2-update.macos64_2.0.0.202105311346/tools/bin/../lib/gcc/arm-none-eabi/9.3.1/thumb/v7e-m+fp/hard/libgcc.a(_udivmoddi4.o)
                0x00000000080002c0                __udivmoddi4
 .text          0x0000000008000584        0x4 /Applications/STM32CubeIDE.app/Contents/Eclipse/plugins/com.st.stm32cube.ide.mcu.externaltools.gnu-tools-for-stm32.9-2020-q2-update.macos64_2.0.0.202105311346/tools/bin/../lib/gcc/arm-none-eabi/9.3.1/thumb/v7e-m+fp/hard/libgcc.a(_dvmd_tls.o)
                0x0000000008000584                __aeabi_ldiv0
                0x0000000008000584                __aeabi_idiv0
 *(.text*)
 .text.MX_GPIO_Init
                0x0000000008000588      0x300 ./Core/Src/gpio.o
                0x0000000008000588                MX_GPIO_Init
 .text.MY_FLASH_EraseSector
                0x0000000008000888       0x20 ./Core/Src/main.o
                0x0000000008000888                MY_FLASH_EraseSector
 .text.MY_FLASH_SetSectorAddrs
                0x00000000080008a8       0x2c ./Core/Src/main.o
                0x00000000080008a8                MY_FLASH_SetSectorAddrs
 .text.MY_FLASH_WriteN
                0x00000000080008d4       0xdc ./Core/Src/main.o
                0x00000000080008d4                MY_FLASH_WriteN
 .text.main     0x00000000080009b0      0x350 ./Core/Src/main.o
                0x00000000080009b0                main
 .text.SystemClock_Config
                0x0000000008000d00       0xd0 ./Core/Src/main.o
                0x0000000008000d00                SystemClock_Config
 .text.ExecMainFW
                0x0000000008000dd0       0x90 ./Core/Src/main.o
                0x0000000008000dd0                ExecMainFW
 .text.Error_Handler
                0x0000000008000e60        0xa ./Core/Src/main.o
                0x0000000008000e60                Error_Handler
 .text.assert_failed
                0x0000000008000e6a       0x16 ./Core/Src/main.o
                0x0000000008000e6a                assert_failed
 .text.MX_SPI1_Init
                0x0000000008000e80       0x6c ./Core/Src/spi.o
                0x0000000008000e80                MX_SPI1_Init
 .text.HAL_SPI_MspInit
                0x0000000008000eec       0x90 ./Core/Src/spi.o
                0x0000000008000eec                HAL_SPI_MspInit
 .text.HAL_SPI_MspDeInit
                0x0000000008000f7c       0x3c ./Core/Src/spi.o
                0x0000000008000f7c                HAL_SPI_MspDeInit
 .text.HAL_MspInit
                0x0000000008000fb8       0x50 ./Core/Src/stm32f4xx_hal_msp.o
                0x0000000008000fb8                HAL_MspInit
 .text.NMI_Handler
                0x0000000008001008        0x6 ./Core/Src/stm32f4xx_it.o
                0x0000000008001008                NMI_Handler
 .text.HardFault_Handler
                0x000000000800100e        0x6 ./Core/Src/stm32f4xx_it.o
                0x000000000800100e                HardFault_Handler
 .text.MemManage_Handler
                0x0000000008001014        0x6 ./Core/Src/stm32f4xx_it.o
                0x0000000008001014                MemManage_Handler
 .text.BusFault_Handler
                0x000000000800101a        0x6 ./Core/Src/stm32f4xx_it.o
                0x000000000800101a                BusFault_Handler
 .text.UsageFault_Handler
                0x0000000008001020        0x6 ./Core/Src/stm32f4xx_it.o
                0x0000000008001020                UsageFault_Handler
 .text.SVC_Handler
                0x0000000008001026        0xe ./Core/Src/stm32f4xx_it.o
                0x0000000008001026                SVC_Handler
 .text.DebugMon_Handler
                0x0000000008001034        0xe ./Core/Src/stm32f4xx_it.o
                0x0000000008001034                DebugMon_Handler
 .text.PendSV_Handler
                0x0000000008001042        0xe ./Core/Src/stm32f4xx_it.o
                0x0000000008001042                PendSV_Handler
 .text.SysTick_Handler
                0x0000000008001050        0xc ./Core/Src/stm32f4xx_it.o
                0x0000000008001050                SysTick_Handler
 .text._sbrk    0x000000000800105c       0x6c ./Core/Src/sysmem.o
                0x000000000800105c                _sbrk
 .text.SystemInit
                0x00000000080010c8       0x24 ./Core/Src/system_stm32f4xx.o
                0x00000000080010c8                SystemInit
 .text.MX_USART2_UART_Init
                0x00000000080010ec       0x54 ./Core/Src/usart.o
                0x00000000080010ec                MX_USART2_UART_Init
 .text.HAL_UART_MspInit
                0x0000000008001140       0x90 ./Core/Src/usart.o
                0x0000000008001140                HAL_UART_MspInit
 .text.HAL_UART_MspDeInit
                0x00000000080011d0       0x3c ./Core/Src/usart.o
                0x00000000080011d0                HAL_UART_MspDeInit
 .text.Reset_Handler
                0x000000000800120c       0x50 ./Core/Startup/startup_stm32f411vetx.o
                0x000000000800120c                Reset_Handler
 .text.Default_Handler
                0x000000000800125c        0x2 ./Core/Startup/startup_stm32f411vetx.o
                0x000000000800125c                DMA1_Stream3_IRQHandler
                0x000000000800125c                EXTI2_IRQHandler
                0x000000000800125c                SPI4_IRQHandler
                0x000000000800125c                TIM1_CC_IRQHandler
                0x000000000800125c                DMA2_Stream5_IRQHandler
                0x000000000800125c                DMA1_Stream5_IRQHandler
                0x000000000800125c                PVD_IRQHandler
                0x000000000800125c                SDIO_IRQHandler
                0x000000000800125c                TAMP_STAMP_IRQHandler
                0x000000000800125c                EXTI3_IRQHandler
                0x000000000800125c                TIM1_UP_TIM10_IRQHandler
                0x000000000800125c                I2C3_ER_IRQHandler
                0x000000000800125c                EXTI0_IRQHandler
                0x000000000800125c                I2C2_EV_IRQHandler
                0x000000000800125c                DMA1_Stream2_IRQHandler
                0x000000000800125c                FPU_IRQHandler
                0x000000000800125c                DMA2_Stream2_IRQHandler
                0x000000000800125c                SPI1_IRQHandler
                0x000000000800125c                TIM1_BRK_TIM9_IRQHandler
                0x000000000800125c                DMA2_Stream3_IRQHandler
                0x000000000800125c                USART6_IRQHandler
                0x000000000800125c                DMA2_Stream0_IRQHandler
                0x000000000800125c                TIM4_IRQHandler
                0x000000000800125c                I2C1_EV_IRQHandler
                0x000000000800125c                DMA1_Stream6_IRQHandler
                0x000000000800125c                DMA1_Stream1_IRQHandler
                0x000000000800125c                TIM3_IRQHandler
                0x000000000800125c                RCC_IRQHandler
                0x000000000800125c                Default_Handler
                0x000000000800125c                EXTI15_10_IRQHandler
                0x000000000800125c                ADC_IRQHandler
                0x000000000800125c                DMA1_Stream7_IRQHandler
                0x000000000800125c                SPI5_IRQHandler
                0x000000000800125c                TIM5_IRQHandler
                0x000000000800125c                DMA2_Stream7_IRQHandler
                0x000000000800125c                I2C3_EV_IRQHandler
                0x000000000800125c                EXTI9_5_IRQHandler
                0x000000000800125c                RTC_WKUP_IRQHandler
                0x000000000800125c                SPI2_IRQHandler
                0x000000000800125c                DMA1_Stream0_IRQHandler
                0x000000000800125c                EXTI4_IRQHandler
                0x000000000800125c                WWDG_IRQHandler
                0x000000000800125c                TIM2_IRQHandler
                0x000000000800125c                OTG_FS_WKUP_IRQHandler
                0x000000000800125c                TIM1_TRG_COM_TIM11_IRQHandler
                0x000000000800125c                EXTI1_IRQHandler
                0x000000000800125c                USART2_IRQHandler
                0x000000000800125c                I2C2_ER_IRQHandler
                0x000000000800125c                DMA2_Stream1_IRQHandler
                0x000000000800125c                FLASH_IRQHandler
                0x000000000800125c                DMA2_Stream4_IRQHandler
                0x000000000800125c                USART1_IRQHandler
                0x000000000800125c                OTG_FS_IRQHandler
                0x000000000800125c                SPI3_IRQHandler
                0x000000000800125c                DMA1_Stream4_IRQHandler
                0x000000000800125c                I2C1_ER_IRQHandler
                0x000000000800125c                DMA2_Stream6_IRQHandler
                0x000000000800125c                RTC_Alarm_IRQHandler
 *fill*         0x000000000800125e        0x2 
 .text.HAL_Init
                0x0000000008001260       0x44 ./Drivers/STM32F4xx_HAL_Driver/Src/stm32f4xx_hal.o
                0x0000000008001260                HAL_Init
 .text.HAL_DeInit
                0x00000000080012a4       0x58 ./Drivers/STM32F4xx_HAL_Driver/Src/stm32f4xx_hal.o
                0x00000000080012a4                HAL_DeInit
 .text.HAL_MspDeInit
                0x00000000080012fc        0xe ./Drivers/STM32F4xx_HAL_Driver/Src/stm32f4xx_hal.o
                0x00000000080012fc                HAL_MspDeInit
 *fill*         0x000000000800130a        0x2 
 .text.HAL_InitTick
                0x000000000800130c       0x60 ./Drivers/STM32F4xx_HAL_Driver/Src/stm32f4xx_hal.o
                0x000000000800130c                HAL_InitTick
 .text.HAL_IncTick
                0x000000000800136c       0x28 ./Drivers/STM32F4xx_HAL_Driver/Src/stm32f4xx_hal.o
                0x000000000800136c                HAL_IncTick
 .text.HAL_GetTick
                0x0000000008001394       0x18 ./Drivers/STM32F4xx_HAL_Driver/Src/stm32f4xx_hal.o
                0x0000000008001394                HAL_GetTick
 .text.HAL_Delay
                0x00000000080013ac       0x48 ./Drivers/STM32F4xx_HAL_Driver/Src/stm32f4xx_hal.o
                0x00000000080013ac                HAL_Delay
 .text.__NVIC_SetPriorityGrouping
                0x00000000080013f4       0x48 ./Drivers/STM32F4xx_HAL_Driver/Src/stm32f4xx_hal_cortex.o
 .text.__NVIC_GetPriorityGrouping
                0x000000000800143c       0x1c ./Drivers/STM32F4xx_HAL_Driver/Src/stm32f4xx_hal_cortex.o
 .text.__NVIC_SetPriority
                0x0000000008001458       0x54 ./Drivers/STM32F4xx_HAL_Driver/Src/stm32f4xx_hal_cortex.o
 .text.NVIC_EncodePriority
                0x00000000080014ac       0x66 ./Drivers/STM32F4xx_HAL_Driver/Src/stm32f4xx_hal_cortex.o
 *fill*         0x0000000008001512        0x2 
 .text.SysTick_Config
                0x0000000008001514       0x44 ./Drivers/STM32F4xx_HAL_Driver/Src/stm32f4xx_hal_cortex.o
 .text.HAL_NVIC_SetPriorityGrouping
                0x0000000008001558       0x40 ./Drivers/STM32F4xx_HAL_Driver/Src/stm32f4xx_hal_cortex.o
                0x0000000008001558                HAL_NVIC_SetPriorityGrouping
 .text.HAL_NVIC_SetPriority
                0x0000000008001598       0x58 ./Drivers/STM32F4xx_HAL_Driver/Src/stm32f4xx_hal_cortex.o
                0x0000000008001598                HAL_NVIC_SetPriority
 .text.HAL_SYSTICK_Config
                0x00000000080015f0       0x18 ./Drivers/STM32F4xx_HAL_Driver/Src/stm32f4xx_hal_cortex.o
                0x00000000080015f0                HAL_SYSTICK_Config
 .text.HAL_FLASH_Program
                0x0000000008001608       0xcc ./Drivers/STM32F4xx_HAL_Driver/Src/stm32f4xx_hal_flash.o
                0x0000000008001608                HAL_FLASH_Program
 .text.HAL_FLASH_Unlock
                0x00000000080016d4       0x44 ./Drivers/STM32F4xx_HAL_Driver/Src/stm32f4xx_hal_flash.o
                0x00000000080016d4                HAL_FLASH_Unlock
 .text.HAL_FLASH_Lock
                0x0000000008001718       0x20 ./Drivers/STM32F4xx_HAL_Driver/Src/stm32f4xx_hal_flash.o
                0x0000000008001718                HAL_FLASH_Lock
 .text.FLASH_WaitForLastOperation
                0x0000000008001738       0x80 ./Drivers/STM32F4xx_HAL_Driver/Src/stm32f4xx_hal_flash.o
                0x0000000008001738                FLASH_WaitForLastOperation
 .text.FLASH_Program_DoubleWord
                0x00000000080017b8       0x9c ./Drivers/STM32F4xx_HAL_Driver/Src/stm32f4xx_hal_flash.o
 .text.FLASH_Program_Word
                0x0000000008001854       0x7c ./Drivers/STM32F4xx_HAL_Driver/Src/stm32f4xx_hal_flash.o
 .text.FLASH_Program_HalfWord
                0x00000000080018d0       0x7c ./Drivers/STM32F4xx_HAL_Driver/Src/stm32f4xx_hal_flash.o
 .text.FLASH_Program_Byte
                0x000000000800194c       0x78 ./Drivers/STM32F4xx_HAL_Driver/Src/stm32f4xx_hal_flash.o
 .text.FLASH_SetErrorCode
                0x00000000080019c4       0xcc ./Drivers/STM32F4xx_HAL_Driver/Src/stm32f4xx_hal_flash.o
 .text.FLASH_Erase_Sector
                0x0000000008001a90       0xec ./Drivers/STM32F4xx_HAL_Driver/Src/stm32f4xx_hal_flash_ex.o
                0x0000000008001a90                FLASH_Erase_Sector
 .text.HAL_GPIO_Init
                0x0000000008001b7c      0x538 ./Drivers/STM32F4xx_HAL_Driver/Src/stm32f4xx_hal_gpio.o
                0x0000000008001b7c                HAL_GPIO_Init
 .text.HAL_GPIO_DeInit
                0x00000000080020b4      0x204 ./Drivers/STM32F4xx_HAL_Driver/Src/stm32f4xx_hal_gpio.o
                0x00000000080020b4                HAL_GPIO_DeInit
 .text.HAL_GPIO_ReadPin
                0x00000000080022b8       0x4c ./Drivers/STM32F4xx_HAL_Driver/Src/stm32f4xx_hal_gpio.o
                0x00000000080022b8                HAL_GPIO_ReadPin
 .text.HAL_GPIO_WritePin
                0x0000000008002304       0x64 ./Drivers/STM32F4xx_HAL_Driver/Src/stm32f4xx_hal_gpio.o
                0x0000000008002304                HAL_GPIO_WritePin
 .text.HAL_RCC_OscConfig
                0x0000000008002368      0x650 ./Drivers/STM32F4xx_HAL_Driver/Src/stm32f4xx_hal_rcc.o
                0x0000000008002368                HAL_RCC_OscConfig
 .text.HAL_RCC_ClockConfig
                0x00000000080029b8      0x31c ./Drivers/STM32F4xx_HAL_Driver/Src/stm32f4xx_hal_rcc.o
                0x00000000080029b8                HAL_RCC_ClockConfig
 .text.HAL_RCC_GetSysClockFreq
                0x0000000008002cd4      0x1c4 ./Drivers/STM32F4xx_HAL_Driver/Src/stm32f4xx_hal_rcc.o
                0x0000000008002cd4                HAL_RCC_GetSysClockFreq
 .text.HAL_RCC_GetHCLKFreq
                0x0000000008002e98       0x18 ./Drivers/STM32F4xx_HAL_Driver/Src/stm32f4xx_hal_rcc.o
                0x0000000008002e98                HAL_RCC_GetHCLKFreq
 .text.HAL_RCC_GetPCLK1Freq
                0x0000000008002eb0       0x28 ./Drivers/STM32F4xx_HAL_Driver/Src/stm32f4xx_hal_rcc.o
                0x0000000008002eb0                HAL_RCC_GetPCLK1Freq
 .text.HAL_RCC_GetPCLK2Freq
                0x0000000008002ed8       0x28 ./Drivers/STM32F4xx_HAL_Driver/Src/stm32f4xx_hal_rcc.o
                0x0000000008002ed8                HAL_RCC_GetPCLK2Freq
 .text.HAL_RCC_DeInit
                0x0000000008002f00      0x19c ./Drivers/STM32F4xx_HAL_Driver/Src/stm32f4xx_hal_rcc_ex.o
                0x0000000008002f00                HAL_RCC_DeInit
 .text.HAL_SPI_Init
                0x000000000800309c      0x338 ./Drivers/STM32F4xx_HAL_Driver/Src/stm32f4xx_hal_spi.o
                0x000000000800309c                HAL_SPI_Init
 .text.HAL_SPI_DeInit
                0x00000000080033d4       0xa4 ./Drivers/STM32F4xx_HAL_Driver/Src/stm32f4xx_hal_spi.o
                0x00000000080033d4                HAL_SPI_DeInit
 .text.HAL_SPI_TransmitReceive
                0x0000000008003478      0x35c ./Drivers/STM32F4xx_HAL_Driver/Src/stm32f4xx_hal_spi.o
                0x0000000008003478                HAL_SPI_TransmitReceive
 .text.SPI_WaitFlagStateUntilTimeout
                0x00000000080037d4      0x110 ./Drivers/STM32F4xx_HAL_Driver/Src/stm32f4xx_hal_spi.o
 .text.SPI_EndRxTxTransaction
                0x00000000080038e4       0x84 ./Drivers/STM32F4xx_HAL_Driver/Src/stm32f4xx_hal_spi.o
 .text.HAL_UART_Init
                0x0000000008003968      0x16c ./Drivers/STM32F4xx_HAL_Driver/Src/stm32f4xx_hal_uart.o
                0x0000000008003968                HAL_UART_Init
 .text.HAL_UART_DeInit
                0x0000000008003ad4       0x98 ./Drivers/STM32F4xx_HAL_Driver/Src/stm32f4xx_hal_uart.o
                0x0000000008003ad4                HAL_UART_DeInit
 .text.HAL_UART_Transmit
                0x0000000008003b6c      0x124 ./Drivers/STM32F4xx_HAL_Driver/Src/stm32f4xx_hal_uart.o
                0x0000000008003b6c                HAL_UART_Transmit
 .text.UART_WaitOnFlagUntilTimeout
                0x0000000008003c90       0xdc ./Drivers/STM32F4xx_HAL_Driver/Src/stm32f4xx_hal_uart.o
 .text.UART_SetConfig
                0x0000000008003d6c      0x414 ./Drivers/STM32F4xx_HAL_Driver/Src/stm32f4xx_hal_uart.o
 .text.MX_FATFS_Init
                0x0000000008004180       0x24 ./FATFS/App/fatfs.o
                0x0000000008004180                MX_FATFS_Init
 .text.get_fattime
                0x00000000080041a4       0x10 ./FATFS/App/fatfs.o
                0x00000000080041a4                get_fattime
 .text.USER_initialize
                0x00000000080041b4       0x1c ./FATFS/Target/user_diskio.o
                0x00000000080041b4                USER_initialize
 .text.USER_status
                0x00000000080041d0       0x1c ./FATFS/Target/user_diskio.o
                0x00000000080041d0                USER_status
 .text.USER_read
                0x00000000080041ec       0x26 ./FATFS/Target/user_diskio.o
                0x00000000080041ec                USER_read
 .text.USER_write
                0x0000000008004212       0x26 ./FATFS/Target/user_diskio.o
                0x0000000008004212                USER_write
 .text.USER_ioctl
                0x0000000008004238       0x26 ./FATFS/Target/user_diskio.o
                0x0000000008004238                USER_ioctl
 *fill*         0x000000000800425e        0x2 
 .text.SPI_Timer_On
                0x0000000008004260       0x28 ./FATFS/Target/user_diskio_spi.o
                0x0000000008004260                SPI_Timer_On
 .text.SPI_Timer_Status
                0x0000000008004288       0x2c ./FATFS/Target/user_diskio_spi.o
                0x0000000008004288                SPI_Timer_Status
 .text.xchg_spi
                0x00000000080042b4       0x2c ./FATFS/Target/user_diskio_spi.o
 .text.rcvr_spi_multi
                0x00000000080042e0       0x38 ./FATFS/Target/user_diskio_spi.o
 .text.xmit_spi_multi
                0x0000000008004318       0x36 ./FATFS/Target/user_diskio_spi.o
 .text.wait_ready
                0x000000000800434e       0x46 ./FATFS/Target/user_diskio_spi.o
 .text.despiselect
                0x0000000008004394       0x1c ./FATFS/Target/user_diskio_spi.o
 .text.spiselect
                0x00000000080043b0       0x34 ./FATFS/Target/user_diskio_spi.o
 .text.rcvr_datablock
                0x00000000080043e4       0x52 ./FATFS/Target/user_diskio_spi.o
 .text.xmit_datablock
                0x0000000008004436       0x64 ./FATFS/Target/user_diskio_spi.o
 .text.send_cmd
                0x000000000800449a       0xde ./FATFS/Target/user_diskio_spi.o
 .text.USER_SPI_initialize
                0x0000000008004578      0x1d8 ./FATFS/Target/user_diskio_spi.o
                0x0000000008004578                USER_SPI_initialize
 .text.USER_SPI_status
                0x0000000008004750       0x2c ./FATFS/Target/user_diskio_spi.o
                0x0000000008004750                USER_SPI_status
 .text.USER_SPI_read
                0x000000000800477c       0xcc ./FATFS/Target/user_diskio_spi.o
                0x000000000800477c                USER_SPI_read
 .text.USER_SPI_write
                0x0000000008004848       0xf8 ./FATFS/Target/user_diskio_spi.o
                0x0000000008004848                USER_SPI_write
 .text.USER_SPI_ioctl
                0x0000000008004940      0x2e0 ./FATFS/Target/user_diskio_spi.o
                0x0000000008004940                USER_SPI_ioctl
 .text.disk_status
                0x0000000008004c20       0x34 ./Middlewares/Third_Party/FatFs/src/diskio.o
                0x0000000008004c20                disk_status
 .text.disk_initialize
                0x0000000008004c54       0x4c ./Middlewares/Third_Party/FatFs/src/diskio.o
                0x0000000008004c54                disk_initialize
 .text.disk_read
                0x0000000008004ca0       0x40 ./Middlewares/Third_Party/FatFs/src/diskio.o
                0x0000000008004ca0                disk_read
 .text.disk_write
                0x0000000008004ce0       0x40 ./Middlewares/Third_Party/FatFs/src/diskio.o
                0x0000000008004ce0                disk_write
 .text.disk_ioctl
                0x0000000008004d20       0x3c ./Middlewares/Third_Party/FatFs/src/diskio.o
                0x0000000008004d20                disk_ioctl
 .text.ld_word  0x0000000008004d5c       0x30 ./Middlewares/Third_Party/FatFs/src/ff.o
 .text.ld_dword
                0x0000000008004d8c       0x46 ./Middlewares/Third_Party/FatFs/src/ff.o
 .text.st_word  0x0000000008004dd2       0x36 ./Middlewares/Third_Party/FatFs/src/ff.o
 .text.st_dword
                0x0000000008004e08       0x58 ./Middlewares/Third_Party/FatFs/src/ff.o
 .text.mem_cpy  0x0000000008004e60       0x42 ./Middlewares/Third_Party/FatFs/src/ff.o
 .text.mem_set  0x0000000008004ea2       0x36 ./Middlewares/Third_Party/FatFs/src/ff.o
 .text.mem_cmp  0x0000000008004ed8       0x4e ./Middlewares/Third_Party/FatFs/src/ff.o
 .text.chk_chr  0x0000000008004f26       0x36 ./Middlewares/Third_Party/FatFs/src/ff.o
 .text.chk_lock
                0x0000000008004f5c       0xb8 ./Middlewares/Third_Party/FatFs/src/ff.o
 .text.enq_lock
                0x0000000008005014       0x44 ./Middlewares/Third_Party/FatFs/src/ff.o
 .text.inc_lock
                0x0000000008005058      0x11c ./Middlewares/Third_Party/FatFs/src/ff.o
 .text.clear_lock
                0x0000000008005174       0x48 ./Middlewares/Third_Party/FatFs/src/ff.o
 .text.sync_window
                0x00000000080051bc       0x88 ./Middlewares/Third_Party/FatFs/src/ff.o
 .text.move_window
                0x0000000008005244       0x5a ./Middlewares/Third_Party/FatFs/src/ff.o
 *fill*         0x000000000800529e        0x2 
 .text.sync_fs  0x00000000080052a0       0xdc ./Middlewares/Third_Party/FatFs/src/ff.o
 .text.clust2sect
                0x000000000800537c       0x3e ./Middlewares/Third_Party/FatFs/src/ff.o
 .text.get_fat  0x00000000080053ba      0x150 ./Middlewares/Third_Party/FatFs/src/ff.o
 .text.put_fat  0x000000000800550a      0x1d8 ./Middlewares/Third_Party/FatFs/src/ff.o
 .text.remove_chain
                0x00000000080056e2       0xca ./Middlewares/Third_Party/FatFs/src/ff.o
 .text.create_chain
                0x00000000080057ac      0x130 ./Middlewares/Third_Party/FatFs/src/ff.o
 .text.clmt_clust
                0x00000000080058dc       0x68 ./Middlewares/Third_Party/FatFs/src/ff.o
 .text.dir_sdi  0x0000000008005944       0xf6 ./Middlewares/Third_Party/FatFs/src/ff.o
 .text.dir_next
                0x0000000008005a3a      0x18a ./Middlewares/Third_Party/FatFs/src/ff.o
 .text.dir_alloc
                0x0000000008005bc4       0x8e ./Middlewares/Third_Party/FatFs/src/ff.o
 .text.ld_clust
                0x0000000008005c52       0x3e ./Middlewares/Third_Party/FatFs/src/ff.o
 .text.st_clust
                0x0000000008005c90       0x40 ./Middlewares/Third_Party/FatFs/src/ff.o
 .text.dir_read
                0x0000000008005cd0       0xba ./Middlewares/Third_Party/FatFs/src/ff.o
 .text.dir_find
                0x0000000008005d8a       0xaa ./Middlewares/Third_Party/FatFs/src/ff.o
 .text.dir_register
                0x0000000008005e34       0x64 ./Middlewares/Third_Party/FatFs/src/ff.o
 .text.dir_remove
                0x0000000008005e98       0x3c ./Middlewares/Third_Party/FatFs/src/ff.o
 .text.create_name
                0x0000000008005ed4      0x128 ./Middlewares/Third_Party/FatFs/src/ff.o
 .text.follow_path
                0x0000000008005ffc       0xe2 ./Middlewares/Third_Party/FatFs/src/ff.o
 .text.get_ldnumber
                0x00000000080060de       0x88 ./Middlewares/Third_Party/FatFs/src/ff.o
 *fill*         0x0000000008006166        0x2 
 .text.check_fs
                0x0000000008006168       0xac ./Middlewares/Third_Party/FatFs/src/ff.o
 .text.find_volume
                0x0000000008006214      0x498 ./Middlewares/Third_Party/FatFs/src/ff.o
 .text.validate
                0x00000000080066ac       0x6a ./Middlewares/Third_Party/FatFs/src/ff.o
 *fill*         0x0000000008006716        0x2 
 .text.f_mount  0x0000000008006718       0x8c ./Middlewares/Third_Party/FatFs/src/ff.o
                0x0000000008006718                f_mount
 .text.f_open   0x00000000080067a4      0x37c ./Middlewares/Third_Party/FatFs/src/ff.o
                0x00000000080067a4                f_open
 .text.f_read   0x0000000008006b20      0x27e ./Middlewares/Third_Party/FatFs/src/ff.o
                0x0000000008006b20                f_read
 .text.f_lseek  0x0000000008006d9e      0x412 ./Middlewares/Third_Party/FatFs/src/ff.o
                0x0000000008006d9e                f_lseek
 .text.f_unlink
                0x00000000080071b0      0x156 ./Middlewares/Third_Party/FatFs/src/ff.o
                0x00000000080071b0                f_unlink
 *fill*         0x0000000008007306        0x2 
 .text.FATFS_LinkDriverEx
                0x0000000008007308       0x98 ./Middlewares/Third_Party/FatFs/src/ff_gen_drv.o
                0x0000000008007308                FATFS_LinkDriverEx
 .text.FATFS_LinkDriver
                0x00000000080073a0       0x1e ./Middlewares/Third_Party/FatFs/src/ff_gen_drv.o
                0x00000000080073a0                FATFS_LinkDriver
 *fill*         0x00000000080073be        0x2 
 .text.__errno  0x00000000080073c0        0xc /Applications/STM32CubeIDE.app/Contents/Eclipse/plugins/com.st.stm32cube.ide.mcu.externaltools.gnu-tools-for-stm32.9-2020-q2-update.macos64_2.0.0.202105311346/tools/bin/../lib/gcc/arm-none-eabi/9.3.1/../../../../arm-none-eabi/lib/thumb/v7e-m+fp/hard/libc_nano.a(lib_a-errno.o)
                0x00000000080073c0                __errno
 .text.__libc_init_array
                0x00000000080073cc       0x48 /Applications/STM32CubeIDE.app/Contents/Eclipse/plugins/com.st.stm32cube.ide.mcu.externaltools.gnu-tools-for-stm32.9-2020-q2-update.macos64_2.0.0.202105311346/tools/bin/../lib/gcc/arm-none-eabi/9.3.1/../../../../arm-none-eabi/lib/thumb/v7e-m+fp/hard/libc_nano.a(lib_a-init.o)
                0x00000000080073cc                __libc_init_array
 .text.memset   0x0000000008007414       0x10 /Applications/STM32CubeIDE.app/Contents/Eclipse/plugins/com.st.stm32cube.ide.mcu.externaltools.gnu-tools-for-stm32.9-2020-q2-update.macos64_2.0.0.202105311346/tools/bin/../lib/gcc/arm-none-eabi/9.3.1/../../../../arm-none-eabi/lib/thumb/v7e-m+fp/hard/libc_nano.a(lib_a-memset.o)
                0x0000000008007414                memset
 .text.sprintf  0x0000000008007424       0x40 /Applications/STM32CubeIDE.app/Contents/Eclipse/plugins/com.st.stm32cube.ide.mcu.externaltools.gnu-tools-for-stm32.9-2020-q2-update.macos64_2.0.0.202105311346/tools/bin/../lib/gcc/arm-none-eabi/9.3.1/../../../../arm-none-eabi/lib/thumb/v7e-m+fp/hard/libc_nano.a(lib_a-sprintf.o)
                0x0000000008007424                sprintf
                0x0000000008007424                siprintf
 .text.__ssputs_r
                0x0000000008007464       0xb6 /Applications/STM32CubeIDE.app/Contents/Eclipse/plugins/com.st.stm32cube.ide.mcu.externaltools.gnu-tools-for-stm32.9-2020-q2-update.macos64_2.0.0.202105311346/tools/bin/../lib/gcc/arm-none-eabi/9.3.1/../../../../arm-none-eabi/lib/thumb/v7e-m+fp/hard/libc_nano.a(lib_a-nano-svfprintf.o)
                0x0000000008007464                __ssputs_r
 *fill*         0x000000000800751a        0x2 
 .text._svfprintf_r
                0x000000000800751c      0x200 /Applications/STM32CubeIDE.app/Contents/Eclipse/plugins/com.st.stm32cube.ide.mcu.externaltools.gnu-tools-for-stm32.9-2020-q2-update.macos64_2.0.0.202105311346/tools/bin/../lib/gcc/arm-none-eabi/9.3.1/../../../../arm-none-eabi/lib/thumb/v7e-m+fp/hard/libc_nano.a(lib_a-nano-svfprintf.o)
                0x000000000800751c                _svfprintf_r
                0x000000000800751c                _svfiprintf_r
 .text._printf_common
                0x000000000800771c       0xda /Applications/STM32CubeIDE.app/Contents/Eclipse/plugins/com.st.stm32cube.ide.mcu.externaltools.gnu-tools-for-stm32.9-2020-q2-update.macos64_2.0.0.202105311346/tools/bin/../lib/gcc/arm-none-eabi/9.3.1/../../../../arm-none-eabi/lib/thumb/v7e-m+fp/hard/libc_nano.a(lib_a-nano-vfprintf_i.o)
                0x000000000800771c                _printf_common
 *fill*         0x00000000080077f6        0x2 
 .text._printf_i
                0x00000000080077f8      0x24c /Applications/STM32CubeIDE.app/Contents/Eclipse/plugins/com.st.stm32cube.ide.mcu.externaltools.gnu-tools-for-stm32.9-2020-q2-update.macos64_2.0.0.202105311346/tools/bin/../lib/gcc/arm-none-eabi/9.3.1/../../../../arm-none-eabi/lib/thumb/v7e-m+fp/hard/libc_nano.a(lib_a-nano-vfprintf_i.o)
                0x00000000080077f8                _printf_i
 .text.memcpy   0x0000000008007a44       0x1c /Applications/STM32CubeIDE.app/Contents/Eclipse/plugins/com.st.stm32cube.ide.mcu.externaltools.gnu-tools-for-stm32.9-2020-q2-update.macos64_2.0.0.202105311346/tools/bin/../lib/gcc/arm-none-eabi/9.3.1/../../../../arm-none-eabi/lib/thumb/v7e-m+fp/hard/libc_nano.a(lib_a-memcpy-stub.o)
                0x0000000008007a44                memcpy
 .text.memmove  0x0000000008007a60       0x34 /Applications/STM32CubeIDE.app/Contents/Eclipse/plugins/com.st.stm32cube.ide.mcu.externaltools.gnu-tools-for-stm32.9-2020-q2-update.macos64_2.0.0.202105311346/tools/bin/../lib/gcc/arm-none-eabi/9.3.1/../../../../arm-none-eabi/lib/thumb/v7e-m+fp/hard/libc_nano.a(lib_a-memmove.o)
                0x0000000008007a60                memmove
 .text._free_r  0x0000000008007a94       0xa0 /Applications/STM32CubeIDE.app/Contents/Eclipse/plugins/com.st.stm32cube.ide.mcu.externaltools.gnu-tools-for-stm32.9-2020-q2-update.macos64_2.0.0.202105311346/tools/bin/../lib/gcc/arm-none-eabi/9.3.1/../../../../arm-none-eabi/lib/thumb/v7e-m+fp/hard/libc_nano.a(lib_a-nano-freer.o)
                0x0000000008007a94                _free_r
 .text._malloc_r
                0x0000000008007b34       0xb4 /Applications/STM32CubeIDE.app/Contents/Eclipse/plugins/com.st.stm32cube.ide.mcu.externaltools.gnu-tools-for-stm32.9-2020-q2-update.macos64_2.0.0.202105311346/tools/bin/../lib/gcc/arm-none-eabi/9.3.1/../../../../arm-none-eabi/lib/thumb/v7e-m+fp/hard/libc_nano.a(lib_a-nano-mallocr.o)
                0x0000000008007b34                _malloc_r
 .text._realloc_r
                0x0000000008007be8       0x4c /Applications/STM32CubeIDE.app/Contents/Eclipse/plugins/com.st.stm32cube.ide.mcu.externaltools.gnu-tools-for-stm32.9-2020-q2-update.macos64_2.0.0.202105311346/tools/bin/../lib/gcc/arm-none-eabi/9.3.1/../../../../arm-none-eabi/lib/thumb/v7e-m+fp/hard/libc_nano.a(lib_a-nano-reallocr.o)
                0x0000000008007be8                _realloc_r
 .text._sbrk_r  0x0000000008007c34       0x20 /Applications/STM32CubeIDE.app/Contents/Eclipse/plugins/com.st.stm32cube.ide.mcu.externaltools.gnu-tools-for-stm32.9-2020-q2-update.macos64_2.0.0.202105311346/tools/bin/../lib/gcc/arm-none-eabi/9.3.1/../../../../arm-none-eabi/lib/thumb/v7e-m+fp/hard/libc_nano.a(lib_a-sbrkr.o)
                0x0000000008007c34                _sbrk_r
 .text.__malloc_lock
                0x0000000008007c54        0xc /Applications/STM32CubeIDE.app/Contents/Eclipse/plugins/com.st.stm32cube.ide.mcu.externaltools.gnu-tools-for-stm32.9-2020-q2-update.macos64_2.0.0.202105311346/tools/bin/../lib/gcc/arm-none-eabi/9.3.1/../../../../arm-none-eabi/lib/thumb/v7e-m+fp/hard/libc_nano.a(lib_a-mlock.o)
                0x0000000008007c54                __malloc_lock
 .text.__malloc_unlock
                0x0000000008007c60        0xc /Applications/STM32CubeIDE.app/Contents/Eclipse/plugins/com.st.stm32cube.ide.mcu.externaltools.gnu-tools-for-stm32.9-2020-q2-update.macos64_2.0.0.202105311346/tools/bin/../lib/gcc/arm-none-eabi/9.3.1/../../../../arm-none-eabi/lib/thumb/v7e-m+fp/hard/libc_nano.a(lib_a-mlock.o)
                0x0000000008007c60                __malloc_unlock
 .text._malloc_usable_size_r
                0x0000000008007c6c       0x10 /Applications/STM32CubeIDE.app/Contents/Eclipse/plugins/com.st.stm32cube.ide.mcu.externaltools.gnu-tools-for-stm32.9-2020-q2-update.macos64_2.0.0.202105311346/tools/bin/../lib/gcc/arm-none-eabi/9.3.1/../../../../arm-none-eabi/lib/thumb/v7e-m+fp/hard/libc_nano.a(lib_a-nano-msizer.o)
                0x0000000008007c6c                _malloc_usable_size_r
 .text.__retarget_lock_acquire_recursive
                0x0000000008007c7c        0x2 /Applications/STM32CubeIDE.app/Contents/Eclipse/plugins/com.st.stm32cube.ide.mcu.externaltools.gnu-tools-for-stm32.9-2020-q2-update.macos64_2.0.0.202105311346/tools/bin/../lib/gcc/arm-none-eabi/9.3.1/../../../../arm-none-eabi/lib/thumb/v7e-m+fp/hard/libc_nano.a(lib_a-lock.o)
                0x0000000008007c7c                __retarget_lock_acquire_recursive
 .text.__retarget_lock_release_recursive
                0x0000000008007c7e        0x2 /Applications/STM32CubeIDE.app/Contents/Eclipse/plugins/com.st.stm32cube.ide.mcu.externaltools.gnu-tools-for-stm32.9-2020-q2-update.macos64_2.0.0.202105311346/tools/bin/../lib/gcc/arm-none-eabi/9.3.1/../../../../arm-none-eabi/lib/thumb/v7e-m+fp/hard/libc_nano.a(lib_a-lock.o)
                0x0000000008007c7e                __retarget_lock_release_recursive
 *(.glue_7)
 .glue_7        0x0000000008007c80        0x0 linker stubs
 *(.glue_7t)
 .glue_7t       0x0000000008007c80        0x0 linker stubs
 *(.eh_frame)
 .eh_frame      0x0000000008007c80        0x0 /Applications/STM32CubeIDE.app/Contents/Eclipse/plugins/com.st.stm32cube.ide.mcu.externaltools.gnu-tools-for-stm32.9-2020-q2-update.macos64_2.0.0.202105311346/tools/bin/../lib/gcc/arm-none-eabi/9.3.1/thumb/v7e-m+fp/hard/crtbegin.o
 *(.init)
 .init          0x0000000008007c80        0x4 /Applications/STM32CubeIDE.app/Contents/Eclipse/plugins/com.st.stm32cube.ide.mcu.externaltools.gnu-tools-for-stm32.9-2020-q2-update.macos64_2.0.0.202105311346/tools/bin/../lib/gcc/arm-none-eabi/9.3.1/thumb/v7e-m+fp/hard/crti.o
                0x0000000008007c80                _init
 .init          0x0000000008007c84        0x8 /Applications/STM32CubeIDE.app/Contents/Eclipse/plugins/com.st.stm32cube.ide.mcu.externaltools.gnu-tools-for-stm32.9-2020-q2-update.macos64_2.0.0.202105311346/tools/bin/../lib/gcc/arm-none-eabi/9.3.1/thumb/v7e-m+fp/hard/crtn.o
 *(.fini)
 .fini          0x0000000008007c8c        0x4 /Applications/STM32CubeIDE.app/Contents/Eclipse/plugins/com.st.stm32cube.ide.mcu.externaltools.gnu-tools-for-stm32.9-2020-q2-update.macos64_2.0.0.202105311346/tools/bin/../lib/gcc/arm-none-eabi/9.3.1/thumb/v7e-m+fp/hard/crti.o
                0x0000000008007c8c                _fini
 .fini          0x0000000008007c90        0x8 /Applications/STM32CubeIDE.app/Contents/Eclipse/plugins/com.st.stm32cube.ide.mcu.externaltools.gnu-tools-for-stm32.9-2020-q2-update.macos64_2.0.0.202105311346/tools/bin/../lib/gcc/arm-none-eabi/9.3.1/thumb/v7e-m+fp/hard/crtn.o
                0x0000000008007c98                . = ALIGN (0x4)
                0x0000000008007c98                _etext = .

.vfp11_veneer   0x0000000008007c98        0x0
 .vfp11_veneer  0x0000000008007c98        0x0 linker stubs

.v4_bx          0x0000000008007c98        0x0
 .v4_bx         0x0000000008007c98        0x0 linker stubs

.iplt           0x0000000008007c98        0x0
 .iplt          0x0000000008007c98        0x0 /Applications/STM32CubeIDE.app/Contents/Eclipse/plugins/com.st.stm32cube.ide.mcu.externaltools.gnu-tools-for-stm32.9-2020-q2-update.macos64_2.0.0.202105311346/tools/bin/../lib/gcc/arm-none-eabi/9.3.1/thumb/v7e-m+fp/hard/crtbegin.o

.rodata         0x0000000008007c98      0x404
                0x0000000008007c98                . = ALIGN (0x4)
 *(.rodata)
 .rodata        0x0000000008007c98      0x146 ./Core/Src/main.o
 *fill*         0x0000000008007dde        0x2 
 .rodata        0x0000000008007de0       0x3b ./Drivers/STM32F4xx_HAL_Driver/Src/stm32f4xx_hal_cortex.o
 *fill*         0x0000000008007e1b        0x1 
 .rodata        0x0000000008007e1c       0x3a ./Drivers/STM32F4xx_HAL_Driver/Src/stm32f4xx_hal_flash.o
 *fill*         0x0000000008007e56        0x2 
 .rodata        0x0000000008007e58       0x3d ./Drivers/STM32F4xx_HAL_Driver/Src/stm32f4xx_hal_flash_ex.o
 *fill*         0x0000000008007e95        0x3 
 .rodata        0x0000000008007e98       0x39 ./Drivers/STM32F4xx_HAL_Driver/Src/stm32f4xx_hal_gpio.o
 *fill*         0x0000000008007ed1        0x3 
 .rodata        0x0000000008007ed4       0x38 ./Drivers/STM32F4xx_HAL_Driver/Src/stm32f4xx_hal_rcc.o
 .rodata        0x0000000008007f0c       0x38 ./Drivers/STM32F4xx_HAL_Driver/Src/stm32f4xx_hal_spi.o
 .rodata        0x0000000008007f44       0x39 ./Drivers/STM32F4xx_HAL_Driver/Src/stm32f4xx_hal_uart.o
 *fill*         0x0000000008007f7d        0x3 
 .rodata        0x0000000008007f80       0x44 ./Middlewares/Third_Party/FatFs/src/ff.o
 *(.rodata*)
 .rodata.fileName
                0x0000000008007fc4        0xa ./Core/Src/main.o
                0x0000000008007fc4                fileName
 *fill*         0x0000000008007fce        0x2 
 .rodata.AHBPrescTable
                0x0000000008007fd0       0x10 ./Core/Src/system_stm32f4xx.o
                0x0000000008007fd0                AHBPrescTable
 .rodata.APBPrescTable
                0x0000000008007fe0        0x8 ./Core/Src/system_stm32f4xx.o
                0x0000000008007fe0                APBPrescTable
 .rodata.ExCvt  0x0000000008007fe8       0x80 ./Middlewares/Third_Party/FatFs/src/ff.o
 .rodata._svfprintf_r.str1.1
                0x0000000008008068       0x11 /Applications/STM32CubeIDE.app/Contents/Eclipse/plugins/com.st.stm32cube.ide.mcu.externaltools.gnu-tools-for-stm32.9-2020-q2-update.macos64_2.0.0.202105311346/tools/bin/../lib/gcc/arm-none-eabi/9.3.1/../../../../arm-none-eabi/lib/thumb/v7e-m+fp/hard/libc_nano.a(lib_a-nano-svfprintf.o)
 .rodata._printf_i.str1.1
                0x0000000008008079       0x22 /Applications/STM32CubeIDE.app/Contents/Eclipse/plugins/com.st.stm32cube.ide.mcu.externaltools.gnu-tools-for-stm32.9-2020-q2-update.macos64_2.0.0.202105311346/tools/bin/../lib/gcc/arm-none-eabi/9.3.1/../../../../arm-none-eabi/lib/thumb/v7e-m+fp/hard/libc_nano.a(lib_a-nano-vfprintf_i.o)
                0x000000000800809c                . = ALIGN (0x4)
 *fill*         0x000000000800809b        0x1 

.ARM.extab      0x000000000800809c        0x0
                0x000000000800809c                . = ALIGN (0x4)
 *(.ARM.extab* .gnu.linkonce.armextab.*)
                0x000000000800809c                . = ALIGN (0x4)

.ARM            0x000000000800809c        0x8
                0x000000000800809c                . = ALIGN (0x4)
                0x000000000800809c                __exidx_start = .
 *(.ARM.exidx*)
 .ARM.exidx     0x000000000800809c        0x8 /Applications/STM32CubeIDE.app/Contents/Eclipse/plugins/com.st.stm32cube.ide.mcu.externaltools.gnu-tools-for-stm32.9-2020-q2-update.macos64_2.0.0.202105311346/tools/bin/../lib/gcc/arm-none-eabi/9.3.1/thumb/v7e-m+fp/hard/libgcc.a(_udivmoddi4.o)
                0x00000000080080a4                __exidx_end = .
                0x00000000080080a4                . = ALIGN (0x4)

.rel.dyn        0x00000000080080a4        0x0
 .rel.iplt      0x00000000080080a4        0x0 /Applications/STM32CubeIDE.app/Contents/Eclipse/plugins/com.st.stm32cube.ide.mcu.externaltools.gnu-tools-for-stm32.9-2020-q2-update.macos64_2.0.0.202105311346/tools/bin/../lib/gcc/arm-none-eabi/9.3.1/thumb/v7e-m+fp/hard/crtbegin.o

.preinit_array  0x00000000080080a4        0x0
                0x00000000080080a4                . = ALIGN (0x4)
                0x00000000080080a4                PROVIDE (__preinit_array_start = .)
 *(.preinit_array*)
                0x00000000080080a4                PROVIDE (__preinit_array_end = .)
                0x00000000080080a4                . = ALIGN (0x4)

.init_array     0x00000000080080a4        0x4
                0x00000000080080a4                . = ALIGN (0x4)
                0x00000000080080a4                PROVIDE (__init_array_start = .)
 *(SORT_BY_NAME(.init_array.*))
 *(.init_array*)
 .init_array    0x00000000080080a4        0x4 /Applications/STM32CubeIDE.app/Contents/Eclipse/plugins/com.st.stm32cube.ide.mcu.externaltools.gnu-tools-for-stm32.9-2020-q2-update.macos64_2.0.0.202105311346/tools/bin/../lib/gcc/arm-none-eabi/9.3.1/thumb/v7e-m+fp/hard/crtbegin.o
                0x00000000080080a8                PROVIDE (__init_array_end = .)
                0x00000000080080a8                . = ALIGN (0x4)

.fini_array     0x00000000080080a8        0x4
                0x00000000080080a8                . = ALIGN (0x4)
                [!provide]                        PROVIDE (__fini_array_start = .)
 *(SORT_BY_NAME(.fini_array.*))
 *(.fini_array*)
 .fini_array    0x00000000080080a8        0x4 /Applications/STM32CubeIDE.app/Contents/Eclipse/plugins/com.st.stm32cube.ide.mcu.externaltools.gnu-tools-for-stm32.9-2020-q2-update.macos64_2.0.0.202105311346/tools/bin/../lib/gcc/arm-none-eabi/9.3.1/thumb/v7e-m+fp/hard/crtbegin.o
                [!provide]                        PROVIDE (__fini_array_end = .)
                0x00000000080080ac                . = ALIGN (0x4)
                0x00000000080080ac                _sidata = LOADADDR (.data)

.data           0x0000000020000000       0x88 load address 0x00000000080080ac
                0x0000000020000000                . = ALIGN (0x4)
                0x0000000020000000                _sdata = .
 *(.data)
 *(.data*)
 .data.SystemCoreClock
                0x0000000020000000        0x4 ./Core/Src/system_stm32f4xx.o
                0x0000000020000000                SystemCoreClock
 .data.uwTickPrio
                0x0000000020000004        0x4 ./Drivers/STM32F4xx_HAL_Driver/Src/stm32f4xx_hal.o
                0x0000000020000004                uwTickPrio
 .data.uwTickFreq
                0x0000000020000008        0x1 ./Drivers/STM32F4xx_HAL_Driver/Src/stm32f4xx_hal.o
                0x0000000020000008                uwTickFreq
 *fill*         0x0000000020000009        0x3 
 .data.USER_Driver
                0x000000002000000c       0x14 ./FATFS/Target/user_diskio.o
                0x000000002000000c                USER_Driver
 .data.Stat     0x0000000020000020        0x1 ./FATFS/Target/user_diskio_spi.o
 *fill*         0x0000000020000021        0x3 
 .data._impure_ptr
                0x0000000020000024        0x4 /Applications/STM32CubeIDE.app/Contents/Eclipse/plugins/com.st.stm32cube.ide.mcu.externaltools.gnu-tools-for-stm32.9-2020-q2-update.macos64_2.0.0.202105311346/tools/bin/../lib/gcc/arm-none-eabi/9.3.1/../../../../arm-none-eabi/lib/thumb/v7e-m+fp/hard/libc_nano.a(lib_a-impure.o)
                0x0000000020000024                _impure_ptr
 .data.impure_data
                0x0000000020000028       0x60 /Applications/STM32CubeIDE.app/Contents/Eclipse/plugins/com.st.stm32cube.ide.mcu.externaltools.gnu-tools-for-stm32.9-2020-q2-update.macos64_2.0.0.202105311346/tools/bin/../lib/gcc/arm-none-eabi/9.3.1/../../../../arm-none-eabi/lib/thumb/v7e-m+fp/hard/libc_nano.a(lib_a-impure.o)
 *(.RamFunc)
 *(.RamFunc*)
                0x0000000020000088                . = ALIGN (0x4)
                0x0000000020000088                _edata = .

.igot.plt       0x0000000020000088        0x0 load address 0x0000000008008134
 .igot.plt      0x0000000020000088        0x0 /Applications/STM32CubeIDE.app/Contents/Eclipse/plugins/com.st.stm32cube.ide.mcu.externaltools.gnu-tools-for-stm32.9-2020-q2-update.macos64_2.0.0.202105311346/tools/bin/../lib/gcc/arm-none-eabi/9.3.1/thumb/v7e-m+fp/hard/crtbegin.o
                0x0000000020000088                . = ALIGN (0x4)

.bss            0x0000000020000088      0x6a8 load address 0x0000000008008134
                0x0000000020000088                _sbss = .
                0x0000000020000088                __bss_start__ = _sbss
 *(.bss)
 .bss           0x0000000020000088       0x1c /Applications/STM32CubeIDE.app/Contents/Eclipse/plugins/com.st.stm32cube.ide.mcu.externaltools.gnu-tools-for-stm32.9-2020-q2-update.macos64_2.0.0.202105311346/tools/bin/../lib/gcc/arm-none-eabi/9.3.1/thumb/v7e-m+fp/hard/crtbegin.o
 *(.bss*)
 .bss.msg       0x00000000200000a4      0x100 ./Core/Src/main.o
 .bss.__sbrk_heap_end
                0x00000000200001a4        0x4 ./Core/Src/sysmem.o
 .bss.CardType  0x00000000200001a8        0x1 ./FATFS/Target/user_diskio_spi.o
 *fill*         0x00000000200001a9        0x3 
 .bss.FatFs     0x00000000200001ac        0x4 ./Middlewares/Third_Party/FatFs/src/ff.o
 .bss.Fsid      0x00000000200001b0        0x2 ./Middlewares/Third_Party/FatFs/src/ff.o
 *fill*         0x00000000200001b2        0x2 
 .bss.Files     0x00000000200001b4       0x20 ./Middlewares/Third_Party/FatFs/src/ff.o
 .bss.disk      0x00000000200001d4        0xc ./Middlewares/Third_Party/FatFs/src/ff_gen_drv.o
                0x00000000200001d4                disk
 .bss.__malloc_free_list
                0x00000000200001e0        0x4 /Applications/STM32CubeIDE.app/Contents/Eclipse/plugins/com.st.stm32cube.ide.mcu.externaltools.gnu-tools-for-stm32.9-2020-q2-update.macos64_2.0.0.202105311346/tools/bin/../lib/gcc/arm-none-eabi/9.3.1/../../../../arm-none-eabi/lib/thumb/v7e-m+fp/hard/libc_nano.a(lib_a-nano-mallocr.o)
                0x00000000200001e0                __malloc_free_list
 .bss.__malloc_sbrk_start
                0x00000000200001e4        0x4 /Applications/STM32CubeIDE.app/Contents/Eclipse/plugins/com.st.stm32cube.ide.mcu.externaltools.gnu-tools-for-stm32.9-2020-q2-update.macos64_2.0.0.202105311346/tools/bin/../lib/gcc/arm-none-eabi/9.3.1/../../../../arm-none-eabi/lib/thumb/v7e-m+fp/hard/libc_nano.a(lib_a-nano-mallocr.o)
                0x00000000200001e4                __malloc_sbrk_start
 *(COMMON)
 COMMON         0x00000000200001e8        0x8 ./Core/Src/main.o
                0x00000000200001e8                MY_SectorNum
                0x00000000200001ec                MY_SectorAddrs
 COMMON         0x00000000200001f0       0x58 ./Core/Src/spi.o
                0x00000000200001f0                hspi1
 COMMON         0x0000000020000248       0x44 ./Core/Src/usart.o
                0x0000000020000248                huart2
 COMMON         0x000000002000028c        0x4 ./Drivers/STM32F4xx_HAL_Driver/Src/stm32f4xx_hal.o
                0x000000002000028c                uwTick
 COMMON         0x0000000020000290       0x20 ./Drivers/STM32F4xx_HAL_Driver/Src/stm32f4xx_hal_flash.o
                0x0000000020000290                pFlash
 COMMON         0x00000000200002b0      0x468 ./FATFS/App/fatfs.o
                0x00000000200002b0                USERPath
                0x00000000200002b4                retUSER
                0x00000000200002b8                USERFile
                0x00000000200004e8                USERFatFS
 COMMON         0x0000000020000718        0x8 ./FATFS/Target/user_diskio_spi.o
                0x0000000020000718                spiTimerTickStart
                0x000000002000071c                spiTimerTickDelay
 COMMON         0x0000000020000720        0x4 /Applications/STM32CubeIDE.app/Contents/Eclipse/plugins/com.st.stm32cube.ide.mcu.externaltools.gnu-tools-for-stm32.9-2020-q2-update.macos64_2.0.0.202105311346/tools/bin/../lib/gcc/arm-none-eabi/9.3.1/../../../../arm-none-eabi/lib/thumb/v7e-m+fp/hard/libc_nano.a(lib_a-reent.o)
                0x0000000020000720                errno
 COMMON         0x0000000020000724        0x9 /Applications/STM32CubeIDE.app/Contents/Eclipse/plugins/com.st.stm32cube.ide.mcu.externaltools.gnu-tools-for-stm32.9-2020-q2-update.macos64_2.0.0.202105311346/tools/bin/../lib/gcc/arm-none-eabi/9.3.1/../../../../arm-none-eabi/lib/thumb/v7e-m+fp/hard/libc_nano.a(lib_a-lock.o)
                0x0000000020000724                __lock___atexit_recursive_mutex
                0x0000000020000725                __lock___arc4random_mutex
                0x0000000020000726                __lock___env_recursive_mutex
                0x0000000020000727                __lock___sinit_recursive_mutex
                0x0000000020000728                __lock___malloc_recursive_mutex
                0x0000000020000729                __lock___at_quick_exit_mutex
                0x000000002000072a                __lock___dd_hash_mutex
                0x000000002000072b                __lock___tz_mutex
                0x000000002000072c                __lock___sfp_recursive_mutex
                0x0000000020000730                . = ALIGN (0x4)
 *fill*         0x000000002000072d        0x3 
                0x0000000020000730                _ebss = .
                0x0000000020000730                __bss_end__ = _ebss

._user_heap_stack
                0x0000000020000730      0x600 load address 0x0000000008008134
                0x0000000020000730                . = ALIGN (0x8)
                [!provide]                        PROVIDE (end = .)
                0x0000000020000730                PROVIDE (_end = .)
                0x0000000020000930                . = (. + _Min_Heap_Size)
 *fill*         0x0000000020000730      0x200 
                0x0000000020000d30                . = (. + _Min_Stack_Size)
 *fill*         0x0000000020000930      0x400 
                0x0000000020000d30                . = ALIGN (0x8)

/DISCARD/
 libc.a(*)
 libm.a(*)
 libgcc.a(*)

.ARM.attributes
                0x0000000000000000       0x30
 *(.ARM.attributes)
 .ARM.attributes
                0x0000000000000000       0x1e /Applications/STM32CubeIDE.app/Contents/Eclipse/plugins/com.st.stm32cube.ide.mcu.externaltools.gnu-tools-for-stm32.9-2020-q2-update.macos64_2.0.0.202105311346/tools/bin/../lib/gcc/arm-none-eabi/9.3.1/thumb/v7e-m+fp/hard/crti.o
 .ARM.attributes
                0x000000000000001e       0x34 /Applications/STM32CubeIDE.app/Contents/Eclipse/plugins/com.st.stm32cube.ide.mcu.externaltools.gnu-tools-for-stm32.9-2020-q2-update.macos64_2.0.0.202105311346/tools/bin/../lib/gcc/arm-none-eabi/9.3.1/thumb/v7e-m+fp/hard/crtbegin.o
 .ARM.attributes
                0x0000000000000052       0x34 ./Core/Src/gpio.o
 .ARM.attributes
                0x0000000000000086       0x34 ./Core/Src/main.o
 .ARM.attributes
                0x00000000000000ba       0x34 ./Core/Src/spi.o
 .ARM.attributes
                0x00000000000000ee       0x34 ./Core/Src/stm32f4xx_hal_msp.o
 .ARM.attributes
                0x0000000000000122       0x34 ./Core/Src/stm32f4xx_it.o
 .ARM.attributes
                0x0000000000000156       0x34 ./Core/Src/sysmem.o
 .ARM.attributes
                0x000000000000018a       0x34 ./Core/Src/system_stm32f4xx.o
 .ARM.attributes
                0x00000000000001be       0x34 ./Core/Src/usart.o
 .ARM.attributes
                0x00000000000001f2       0x21 ./Core/Startup/startup_stm32f411vetx.o
 .ARM.attributes
                0x0000000000000213       0x34 ./Drivers/STM32F4xx_HAL_Driver/Src/stm32f4xx_hal.o
 .ARM.attributes
                0x0000000000000247       0x34 ./Drivers/STM32F4xx_HAL_Driver/Src/stm32f4xx_hal_cortex.o
 .ARM.attributes
                0x000000000000027b       0x34 ./Drivers/STM32F4xx_HAL_Driver/Src/stm32f4xx_hal_flash.o
 .ARM.attributes
                0x00000000000002af       0x34 ./Drivers/STM32F4xx_HAL_Driver/Src/stm32f4xx_hal_flash_ex.o
 .ARM.attributes
                0x00000000000002e3       0x34 ./Drivers/STM32F4xx_HAL_Driver/Src/stm32f4xx_hal_gpio.o
 .ARM.attributes
                0x0000000000000317       0x34 ./Drivers/STM32F4xx_HAL_Driver/Src/stm32f4xx_hal_rcc.o
 .ARM.attributes
                0x000000000000034b       0x34 ./Drivers/STM32F4xx_HAL_Driver/Src/stm32f4xx_hal_rcc_ex.o
 .ARM.attributes
                0x000000000000037f       0x34 ./Drivers/STM32F4xx_HAL_Driver/Src/stm32f4xx_hal_spi.o
 .ARM.attributes
                0x00000000000003b3       0x34 ./Drivers/STM32F4xx_HAL_Driver/Src/stm32f4xx_hal_uart.o
 .ARM.attributes
                0x00000000000003e7       0x34 ./FATFS/App/fatfs.o
 .ARM.attributes
                0x000000000000041b       0x34 ./FATFS/Target/user_diskio.o
 .ARM.attributes
                0x000000000000044f       0x34 ./FATFS/Target/user_diskio_spi.o
 .ARM.attributes
                0x0000000000000483       0x34 ./Middlewares/Third_Party/FatFs/src/diskio.o
 .ARM.attributes
                0x00000000000004b7       0x34 ./Middlewares/Third_Party/FatFs/src/ff.o
 .ARM.attributes
                0x00000000000004eb       0x34 ./Middlewares/Third_Party/FatFs/src/ff_gen_drv.o
 .ARM.attributes
                0x000000000000051f       0x34 /Applications/STM32CubeIDE.app/Contents/Eclipse/plugins/com.st.stm32cube.ide.mcu.externaltools.gnu-tools-for-stm32.9-2020-q2-update.macos64_2.0.0.202105311346/tools/bin/../lib/gcc/arm-none-eabi/9.3.1/../../../../arm-none-eabi/lib/thumb/v7e-m+fp/hard/libc_nano.a(lib_a-errno.o)
 .ARM.attributes
                0x0000000000000553       0x32 /Applications/STM32CubeIDE.app/Contents/Eclipse/plugins/com.st.stm32cube.ide.mcu.externaltools.gnu-tools-for-stm32.9-2020-q2-update.macos64_2.0.0.202105311346/tools/bin/../lib/gcc/arm-none-eabi/9.3.1/../../../../arm-none-eabi/lib/thumb/v7e-m+fp/hard/libc_nano.a(lib_a-impure.o)
 .ARM.attributes
                0x0000000000000585       0x34 /Applications/STM32CubeIDE.app/Contents/Eclipse/plugins/com.st.stm32cube.ide.mcu.externaltools.gnu-tools-for-stm32.9-2020-q2-update.macos64_2.0.0.202105311346/tools/bin/../lib/gcc/arm-none-eabi/9.3.1/../../../../arm-none-eabi/lib/thumb/v7e-m+fp/hard/libc_nano.a(lib_a-init.o)
 .ARM.attributes
                0x00000000000005b9       0x34 /Applications/STM32CubeIDE.app/Contents/Eclipse/plugins/com.st.stm32cube.ide.mcu.externaltools.gnu-tools-for-stm32.9-2020-q2-update.macos64_2.0.0.202105311346/tools/bin/../lib/gcc/arm-none-eabi/9.3.1/../../../../arm-none-eabi/lib/thumb/v7e-m+fp/hard/libc_nano.a(lib_a-memset.o)
 .ARM.attributes
                0x00000000000005ed       0x34 /Applications/STM32CubeIDE.app/Contents/Eclipse/plugins/com.st.stm32cube.ide.mcu.externaltools.gnu-tools-for-stm32.9-2020-q2-update.macos64_2.0.0.202105311346/tools/bin/../lib/gcc/arm-none-eabi/9.3.1/../../../../arm-none-eabi/lib/thumb/v7e-m+fp/hard/libc_nano.a(lib_a-sprintf.o)
 .ARM.attributes
                0x0000000000000621       0x17 /Applications/STM32CubeIDE.app/Contents/Eclipse/plugins/com.st.stm32cube.ide.mcu.externaltools.gnu-tools-for-stm32.9-2020-q2-update.macos64_2.0.0.202105311346/tools/bin/../lib/gcc/arm-none-eabi/9.3.1/../../../../arm-none-eabi/lib/thumb/v7e-m+fp/hard/libc_nano.a(lib_a-strlen.o)
 .ARM.attributes
                0x0000000000000638       0x34 /Applications/STM32CubeIDE.app/Contents/Eclipse/plugins/com.st.stm32cube.ide.mcu.externaltools.gnu-tools-for-stm32.9-2020-q2-update.macos64_2.0.0.202105311346/tools/bin/../lib/gcc/arm-none-eabi/9.3.1/../../../../arm-none-eabi/lib/thumb/v7e-m+fp/hard/libc_nano.a(lib_a-nano-svfprintf.o)
 .ARM.attributes
                0x000000000000066c       0x34 /Applications/STM32CubeIDE.app/Contents/Eclipse/plugins/com.st.stm32cube.ide.mcu.externaltools.gnu-tools-for-stm32.9-2020-q2-update.macos64_2.0.0.202105311346/tools/bin/../lib/gcc/arm-none-eabi/9.3.1/../../../../arm-none-eabi/lib/thumb/v7e-m+fp/hard/libc_nano.a(lib_a-nano-vfprintf_i.o)
 .ARM.attributes
                0x00000000000006a0       0x1c /Applications/STM32CubeIDE.app/Contents/Eclipse/plugins/com.st.stm32cube.ide.mcu.externaltools.gnu-tools-for-stm32.9-2020-q2-update.macos64_2.0.0.202105311346/tools/bin/../lib/gcc/arm-none-eabi/9.3.1/../../../../arm-none-eabi/lib/thumb/v7e-m+fp/hard/libc_nano.a(lib_a-memchr.o)
 .ARM.attributes
                0x00000000000006bc       0x34 /Applications/STM32CubeIDE.app/Contents/Eclipse/plugins/com.st.stm32cube.ide.mcu.externaltools.gnu-tools-for-stm32.9-2020-q2-update.macos64_2.0.0.202105311346/tools/bin/../lib/gcc/arm-none-eabi/9.3.1/../../../../arm-none-eabi/lib/thumb/v7e-m+fp/hard/libc_nano.a(lib_a-memcpy-stub.o)
 .ARM.attributes
                0x00000000000006f0       0x34 /Applications/STM32CubeIDE.app/Contents/Eclipse/plugins/com.st.stm32cube.ide.mcu.externaltools.gnu-tools-for-stm32.9-2020-q2-update.macos64_2.0.0.202105311346/tools/bin/../lib/gcc/arm-none-eabi/9.3.1/../../../../arm-none-eabi/lib/thumb/v7e-m+fp/hard/libc_nano.a(lib_a-memmove.o)
 .ARM.attributes
                0x0000000000000724       0x34 /Applications/STM32CubeIDE.app/Contents/Eclipse/plugins/com.st.stm32cube.ide.mcu.externaltools.gnu-tools-for-stm32.9-2020-q2-update.macos64_2.0.0.202105311346/tools/bin/../lib/gcc/arm-none-eabi/9.3.1/../../../../arm-none-eabi/lib/thumb/v7e-m+fp/hard/libc_nano.a(lib_a-nano-freer.o)
 .ARM.attributes
                0x0000000000000758       0x34 /Applications/STM32CubeIDE.app/Contents/Eclipse/plugins/com.st.stm32cube.ide.mcu.externaltools.gnu-tools-for-stm32.9-2020-q2-update.macos64_2.0.0.202105311346/tools/bin/../lib/gcc/arm-none-eabi/9.3.1/../../../../arm-none-eabi/lib/thumb/v7e-m+fp/hard/libc_nano.a(lib_a-nano-mallocr.o)
 .ARM.attributes
                0x000000000000078c       0x34 /Applications/STM32CubeIDE.app/Contents/Eclipse/plugins/com.st.stm32cube.ide.mcu.externaltools.gnu-tools-for-stm32.9-2020-q2-update.macos64_2.0.0.202105311346/tools/bin/../lib/gcc/arm-none-eabi/9.3.1/../../../../arm-none-eabi/lib/thumb/v7e-m+fp/hard/libc_nano.a(lib_a-nano-reallocr.o)
 .ARM.attributes
                0x00000000000007c0       0x34 /Applications/STM32CubeIDE.app/Contents/Eclipse/plugins/com.st.stm32cube.ide.mcu.externaltools.gnu-tools-for-stm32.9-2020-q2-update.macos64_2.0.0.202105311346/tools/bin/../lib/gcc/arm-none-eabi/9.3.1/../../../../arm-none-eabi/lib/thumb/v7e-m+fp/hard/libc_nano.a(lib_a-sbrkr.o)
 .ARM.attributes
                0x00000000000007f4       0x34 /Applications/STM32CubeIDE.app/Contents/Eclipse/plugins/com.st.stm32cube.ide.mcu.externaltools.gnu-tools-for-stm32.9-2020-q2-update.macos64_2.0.0.202105311346/tools/bin/../lib/gcc/arm-none-eabi/9.3.1/../../../../arm-none-eabi/lib/thumb/v7e-m+fp/hard/libc_nano.a(lib_a-mlock.o)
 .ARM.attributes
                0x0000000000000828       0x34 /Applications/STM32CubeIDE.app/Contents/Eclipse/plugins/com.st.stm32cube.ide.mcu.externaltools.gnu-tools-for-stm32.9-2020-q2-update.macos64_2.0.0.202105311346/tools/bin/../lib/gcc/arm-none-eabi/9.3.1/../../../../arm-none-eabi/lib/thumb/v7e-m+fp/hard/libc_nano.a(lib_a-nano-msizer.o)
 .ARM.attributes
                0x000000000000085c       0x34 /Applications/STM32CubeIDE.app/Contents/Eclipse/plugins/com.st.stm32cube.ide.mcu.externaltools.gnu-tools-for-stm32.9-2020-q2-update.macos64_2.0.0.202105311346/tools/bin/../lib/gcc/arm-none-eabi/9.3.1/../../../../arm-none-eabi/lib/thumb/v7e-m+fp/hard/libc_nano.a(lib_a-reent.o)
 .ARM.attributes
                0x0000000000000890       0x34 /Applications/STM32CubeIDE.app/Contents/Eclipse/plugins/com.st.stm32cube.ide.mcu.externaltools.gnu-tools-for-stm32.9-2020-q2-update.macos64_2.0.0.202105311346/tools/bin/../lib/gcc/arm-none-eabi/9.3.1/../../../../arm-none-eabi/lib/thumb/v7e-m+fp/hard/libc_nano.a(lib_a-lock.o)
 .ARM.attributes
                0x00000000000008c4       0x1e /Applications/STM32CubeIDE.app/Contents/Eclipse/plugins/com.st.stm32cube.ide.mcu.externaltools.gnu-tools-for-stm32.9-2020-q2-update.macos64_2.0.0.202105311346/tools/bin/../lib/gcc/arm-none-eabi/9.3.1/thumb/v7e-m+fp/hard/libgcc.a(_aeabi_uldivmod.o)
 .ARM.attributes
                0x00000000000008e2       0x34 /Applications/STM32CubeIDE.app/Contents/Eclipse/plugins/com.st.stm32cube.ide.mcu.externaltools.gnu-tools-for-stm32.9-2020-q2-update.macos64_2.0.0.202105311346/tools/bin/../lib/gcc/arm-none-eabi/9.3.1/thumb/v7e-m+fp/hard/libgcc.a(_udivmoddi4.o)
 .ARM.attributes
                0x0000000000000916       0x1e /Applications/STM32CubeIDE.app/Contents/Eclipse/plugins/com.st.stm32cube.ide.mcu.externaltools.gnu-tools-for-stm32.9-2020-q2-update.macos64_2.0.0.202105311346/tools/bin/../lib/gcc/arm-none-eabi/9.3.1/thumb/v7e-m+fp/hard/libgcc.a(_dvmd_tls.o)
 .ARM.attributes
                0x0000000000000934       0x1e /Applications/STM32CubeIDE.app/Contents/Eclipse/plugins/com.st.stm32cube.ide.mcu.externaltools.gnu-tools-for-stm32.9-2020-q2-update.macos64_2.0.0.202105311346/tools/bin/../lib/gcc/arm-none-eabi/9.3.1/thumb/v7e-m+fp/hard/crtn.o
OUTPUT(SDCard rider.elf elf32-littlearm)
LOAD linker stubs
LOAD /Applications/STM32CubeIDE.app/Contents/Eclipse/plugins/com.st.stm32cube.ide.mcu.externaltools.gnu-tools-for-stm32.9-2020-q2-update.macos64_2.0.0.202105311346/tools/bin/../lib/gcc/arm-none-eabi/9.3.1/../../../../arm-none-eabi/lib/thumb/v7e-m+fp/hard/libc.a
LOAD /Applications/STM32CubeIDE.app/Contents/Eclipse/plugins/com.st.stm32cube.ide.mcu.externaltools.gnu-tools-for-stm32.9-2020-q2-update.macos64_2.0.0.202105311346/tools/bin/../lib/gcc/arm-none-eabi/9.3.1/../../../../arm-none-eabi/lib/thumb/v7e-m+fp/hard/libm.a
LOAD /Applications/STM32CubeIDE.app/Contents/Eclipse/plugins/com.st.stm32cube.ide.mcu.externaltools.gnu-tools-for-stm32.9-2020-q2-update.macos64_2.0.0.202105311346/tools/bin/../lib/gcc/arm-none-eabi/9.3.1/thumb/v7e-m+fp/hard/libgcc.a

.debug_info     0x0000000000000000    0x150f4
 .debug_info    0x0000000000000000      0x578 ./Core/Src/gpio.o
 .debug_info    0x0000000000000578     0x1f01 ./Core/Src/main.o
 .debug_info    0x0000000000002479      0xa7e ./Core/Src/spi.o
 .debug_info    0x0000000000002ef7      0x3c0 ./Core/Src/stm32f4xx_hal_msp.o
 .debug_info    0x00000000000032b7      0x222 ./Core/Src/stm32f4xx_it.o
 .debug_info    0x00000000000034d9      0xa25 ./Core/Src/sysmem.o
 .debug_info    0x0000000000003efe      0x5d0 ./Core/Src/system_stm32f4xx.o
 .debug_info    0x00000000000044ce      0xa28 ./Core/Src/usart.o
 .debug_info    0x0000000000004ef6       0x22 ./Core/Startup/startup_stm32f411vetx.o
 .debug_info    0x0000000000004f18      0x944 ./Drivers/STM32F4xx_HAL_Driver/Src/stm32f4xx_hal.o
 .debug_info    0x000000000000585c      0xe5f ./Drivers/STM32F4xx_HAL_Driver/Src/stm32f4xx_hal_cortex.o
 .debug_info    0x00000000000066bb      0x675 ./Drivers/STM32F4xx_HAL_Driver/Src/stm32f4xx_hal_flash.o
 .debug_info    0x0000000000006d30      0x8fd ./Drivers/STM32F4xx_HAL_Driver/Src/stm32f4xx_hal_flash_ex.o
 .debug_info    0x000000000000762d      0x862 ./Drivers/STM32F4xx_HAL_Driver/Src/stm32f4xx_hal_gpio.o
 .debug_info    0x0000000000007e8f      0x9be ./Drivers/STM32F4xx_HAL_Driver/Src/stm32f4xx_hal_rcc.o
 .debug_info    0x000000000000884d      0x673 ./Drivers/STM32F4xx_HAL_Driver/Src/stm32f4xx_hal_rcc_ex.o
 .debug_info    0x0000000000008ec0     0x17b8 ./Drivers/STM32F4xx_HAL_Driver/Src/stm32f4xx_hal_spi.o
 .debug_info    0x000000000000a678     0x31d6 ./Drivers/STM32F4xx_HAL_Driver/Src/stm32f4xx_hal_uart.o
 .debug_info    0x000000000000d84e      0xe64 ./FATFS/App/fatfs.o
 .debug_info    0x000000000000e6b2      0xcea ./FATFS/Target/user_diskio.o
 .debug_info    0x000000000000f39c     0x1585 ./FATFS/Target/user_diskio_spi.o
 .debug_info    0x0000000000010921      0xda8 ./Middlewares/Third_Party/FatFs/src/diskio.o
 .debug_info    0x00000000000116c9     0x2cf2 ./Middlewares/Third_Party/FatFs/src/ff.o
 .debug_info    0x00000000000143bb      0xd39 ./Middlewares/Third_Party/FatFs/src/ff_gen_drv.o

.debug_abbrev   0x0000000000000000     0x31c5
 .debug_abbrev  0x0000000000000000      0x14e ./Core/Src/gpio.o
 .debug_abbrev  0x000000000000014e      0x342 ./Core/Src/main.o
 .debug_abbrev  0x0000000000000490      0x1bb ./Core/Src/spi.o
 .debug_abbrev  0x000000000000064b      0x11d ./Core/Src/stm32f4xx_hal_msp.o
 .debug_abbrev  0x0000000000000768       0xd2 ./Core/Src/stm32f4xx_it.o
 .debug_abbrev  0x000000000000083a      0x1bf ./Core/Src/sysmem.o
 .debug_abbrev  0x00000000000009f9      0x145 ./Core/Src/system_stm32f4xx.o
 .debug_abbrev  0x0000000000000b3e      0x1bb ./Core/Src/usart.o
 .debug_abbrev  0x0000000000000cf9       0x12 ./Core/Startup/startup_stm32f411vetx.o
 .debug_abbrev  0x0000000000000d0b      0x21e ./Drivers/STM32F4xx_HAL_Driver/Src/stm32f4xx_hal.o
 .debug_abbrev  0x0000000000000f29      0x33c ./Drivers/STM32F4xx_HAL_Driver/Src/stm32f4xx_hal_cortex.o
 .debug_abbrev  0x0000000000001265      0x27e ./Drivers/STM32F4xx_HAL_Driver/Src/stm32f4xx_hal_flash.o
 .debug_abbrev  0x00000000000014e3      0x26e ./Drivers/STM32F4xx_HAL_Driver/Src/stm32f4xx_hal_flash_ex.o
 .debug_abbrev  0x0000000000001751      0x1f1 ./Drivers/STM32F4xx_HAL_Driver/Src/stm32f4xx_hal_gpio.o
 .debug_abbrev  0x0000000000001942      0x275 ./Drivers/STM32F4xx_HAL_Driver/Src/stm32f4xx_hal_rcc.o
 .debug_abbrev  0x0000000000001bb7      0x1ab ./Drivers/STM32F4xx_HAL_Driver/Src/stm32f4xx_hal_rcc_ex.o
 .debug_abbrev  0x0000000000001d62      0x26e ./Drivers/STM32F4xx_HAL_Driver/Src/stm32f4xx_hal_spi.o
 .debug_abbrev  0x0000000000001fd0      0x2fc ./Drivers/STM32F4xx_HAL_Driver/Src/stm32f4xx_hal_uart.o
 .debug_abbrev  0x00000000000022cc      0x209 ./FATFS/App/fatfs.o
 .debug_abbrev  0x00000000000024d5      0x21d ./FATFS/Target/user_diskio.o
 .debug_abbrev  0x00000000000026f2      0x344 ./FATFS/Target/user_diskio_spi.o
 .debug_abbrev  0x0000000000002a36      0x237 ./Middlewares/Third_Party/FatFs/src/diskio.o
 .debug_abbrev  0x0000000000002c6d      0x2f0 ./Middlewares/Third_Party/FatFs/src/ff.o
 .debug_abbrev  0x0000000000002f5d      0x268 ./Middlewares/Third_Party/FatFs/src/ff_gen_drv.o

.debug_aranges  0x0000000000000000      0xde0
 .debug_aranges
                0x0000000000000000       0x20 ./Core/Src/gpio.o
 .debug_aranges
                0x0000000000000020       0x70 ./Core/Src/main.o
 .debug_aranges
                0x0000000000000090       0x30 ./Core/Src/spi.o
 .debug_aranges
                0x00000000000000c0       0x20 ./Core/Src/stm32f4xx_hal_msp.o
 .debug_aranges
                0x00000000000000e0       0x60 ./Core/Src/stm32f4xx_it.o
 .debug_aranges
                0x0000000000000140       0x20 ./Core/Src/sysmem.o
 .debug_aranges
                0x0000000000000160       0x28 ./Core/Src/system_stm32f4xx.o
 .debug_aranges
                0x0000000000000188       0x30 ./Core/Src/usart.o
 .debug_aranges
                0x00000000000001b8       0x28 ./Core/Startup/startup_stm32f411vetx.o
 .debug_aranges
                0x00000000000001e0       0xf0 ./Drivers/STM32F4xx_HAL_Driver/Src/stm32f4xx_hal.o
 .debug_aranges
                0x00000000000002d0      0x118 ./Drivers/STM32F4xx_HAL_Driver/Src/stm32f4xx_hal_cortex.o
 .debug_aranges
                0x00000000000003e8       0xa0 ./Drivers/STM32F4xx_HAL_Driver/Src/stm32f4xx_hal_flash.o
 .debug_aranges
                0x0000000000000488       0xc8 ./Drivers/STM32F4xx_HAL_Driver/Src/stm32f4xx_hal_flash_ex.o
 .debug_aranges
                0x0000000000000550       0x58 ./Drivers/STM32F4xx_HAL_Driver/Src/stm32f4xx_hal_gpio.o
 .debug_aranges
                0x00000000000005a8       0x88 ./Drivers/STM32F4xx_HAL_Driver/Src/stm32f4xx_hal_rcc.o
 .debug_aranges
                0x0000000000000630       0x50 ./Drivers/STM32F4xx_HAL_Driver/Src/stm32f4xx_hal_rcc_ex.o
 .debug_aranges
                0x0000000000000680      0x1d0 ./Drivers/STM32F4xx_HAL_Driver/Src/stm32f4xx_hal_spi.o
 .debug_aranges
                0x0000000000000850      0x200 ./Drivers/STM32F4xx_HAL_Driver/Src/stm32f4xx_hal_uart.o
 .debug_aranges
                0x0000000000000a50       0x28 ./FATFS/App/fatfs.o
 .debug_aranges
                0x0000000000000a78       0x40 ./FATFS/Target/user_diskio.o
 .debug_aranges
                0x0000000000000ab8       0x98 ./FATFS/Target/user_diskio_spi.o
 .debug_aranges
                0x0000000000000b50       0x48 ./Middlewares/Third_Party/FatFs/src/diskio.o
 .debug_aranges
                0x0000000000000b98      0x208 ./Middlewares/Third_Party/FatFs/src/ff.o
 .debug_aranges
                0x0000000000000da0       0x40 ./Middlewares/Third_Party/FatFs/src/ff_gen_drv.o

.debug_ranges   0x0000000000000000      0xc98
 .debug_ranges  0x0000000000000000       0x10 ./Core/Src/gpio.o
 .debug_ranges  0x0000000000000010       0x60 ./Core/Src/main.o
 .debug_ranges  0x0000000000000070       0x20 ./Core/Src/spi.o
 .debug_ranges  0x0000000000000090       0x10 ./Core/Src/stm32f4xx_hal_msp.o
 .debug_ranges  0x00000000000000a0       0x50 ./Core/Src/stm32f4xx_it.o
 .debug_ranges  0x00000000000000f0       0x10 ./Core/Src/sysmem.o
 .debug_ranges  0x0000000000000100       0x18 ./Core/Src/system_stm32f4xx.o
 .debug_ranges  0x0000000000000118       0x20 ./Core/Src/usart.o
 .debug_ranges  0x0000000000000138       0x20 ./Core/Startup/startup_stm32f411vetx.o
 .debug_ranges  0x0000000000000158       0xe0 ./Drivers/STM32F4xx_HAL_Driver/Src/stm32f4xx_hal.o
 .debug_ranges  0x0000000000000238      0x108 ./Drivers/STM32F4xx_HAL_Driver/Src/stm32f4xx_hal_cortex.o
 .debug_ranges  0x0000000000000340       0x90 ./Drivers/STM32F4xx_HAL_Driver/Src/stm32f4xx_hal_flash.o
 .debug_ranges  0x00000000000003d0       0xb8 ./Drivers/STM32F4xx_HAL_Driver/Src/stm32f4xx_hal_flash_ex.o
 .debug_ranges  0x0000000000000488       0x48 ./Drivers/STM32F4xx_HAL_Driver/Src/stm32f4xx_hal_gpio.o
 .debug_ranges  0x00000000000004d0       0x78 ./Drivers/STM32F4xx_HAL_Driver/Src/stm32f4xx_hal_rcc.o
 .debug_ranges  0x0000000000000548       0x40 ./Drivers/STM32F4xx_HAL_Driver/Src/stm32f4xx_hal_rcc_ex.o
 .debug_ranges  0x0000000000000588      0x1c0 ./Drivers/STM32F4xx_HAL_Driver/Src/stm32f4xx_hal_spi.o
 .debug_ranges  0x0000000000000748      0x220 ./Drivers/STM32F4xx_HAL_Driver/Src/stm32f4xx_hal_uart.o
 .debug_ranges  0x0000000000000968       0x18 ./FATFS/App/fatfs.o
 .debug_ranges  0x0000000000000980       0x30 ./FATFS/Target/user_diskio.o
 .debug_ranges  0x00000000000009b0       0x88 ./FATFS/Target/user_diskio_spi.o
 .debug_ranges  0x0000000000000a38       0x38 ./Middlewares/Third_Party/FatFs/src/diskio.o
 .debug_ranges  0x0000000000000a70      0x1f8 ./Middlewares/Third_Party/FatFs/src/ff.o
 .debug_ranges  0x0000000000000c68       0x30 ./Middlewares/Third_Party/FatFs/src/ff_gen_drv.o

.debug_macro    0x0000000000000000    0x1870b
 .debug_macro   0x0000000000000000      0x1dd ./Core/Src/gpio.o
 .debug_macro   0x00000000000001dd      0xaa8 ./Core/Src/gpio.o
 .debug_macro   0x0000000000000c85      0x2a2 ./Core/Src/gpio.o
 .debug_macro   0x0000000000000f27       0x2e ./Core/Src/gpio.o
 .debug_macro   0x0000000000000f55       0x28 ./Core/Src/gpio.o
 .debug_macro   0x0000000000000f7d       0x22 ./Core/Src/gpio.o
 .debug_macro   0x0000000000000f9f       0x8e ./Core/Src/gpio.o
 .debug_macro   0x000000000000102d       0x51 ./Core/Src/gpio.o
 .debug_macro   0x000000000000107e      0x103 ./Core/Src/gpio.o
 .debug_macro   0x0000000000001181       0x6a ./Core/Src/gpio.o
 .debug_macro   0x00000000000011eb      0x1df ./Core/Src/gpio.o
 .debug_macro   0x00000000000013ca       0x1c ./Core/Src/gpio.o
 .debug_macro   0x00000000000013e6       0x22 ./Core/Src/gpio.o
 .debug_macro   0x0000000000001408       0xdf ./Core/Src/gpio.o
 .debug_macro   0x00000000000014e7     0x102d ./Core/Src/gpio.o
 .debug_macro   0x0000000000002514      0x11f ./Core/Src/gpio.o
 .debug_macro   0x0000000000002633     0xb953 ./Core/Src/gpio.o
 .debug_macro   0x000000000000df86       0x6d ./Core/Src/gpio.o
 .debug_macro   0x000000000000dff3     0x3666 ./Core/Src/gpio.o
 .debug_macro   0x0000000000011659      0x174 ./Core/Src/gpio.o
 .debug_macro   0x00000000000117cd       0x5c ./Core/Src/gpio.o
 .debug_macro   0x0000000000011829      0x447 ./Core/Src/gpio.o
 .debug_macro   0x0000000000011c70      0x9fe ./Core/Src/gpio.o
 .debug_macro   0x000000000001266e      0x116 ./Core/Src/gpio.o
 .debug_macro   0x0000000000012784      0x11b ./Core/Src/gpio.o
 .debug_macro   0x000000000001289f       0xa5 ./Core/Src/gpio.o
 .debug_macro   0x0000000000012944      0x15f ./Core/Src/gpio.o
 .debug_macro   0x0000000000012aa3      0x287 ./Core/Src/gpio.o
 .debug_macro   0x0000000000012d2a       0x5f ./Core/Src/gpio.o
 .debug_macro   0x0000000000012d89      0x236 ./Core/Src/gpio.o
 .debug_macro   0x0000000000012fbf      0x132 ./Core/Src/gpio.o
 .debug_macro   0x00000000000130f1      0x264 ./Core/Src/gpio.o
 .debug_macro   0x0000000000013355       0x2e ./Core/Src/gpio.o
 .debug_macro   0x0000000000013383      0x11a ./Core/Src/gpio.o
 .debug_macro   0x000000000001349d       0x85 ./Core/Src/gpio.o
 .debug_macro   0x0000000000013522       0x89 ./Core/Src/gpio.o
 .debug_macro   0x00000000000135ab      0x225 ./Core/Src/gpio.o
 .debug_macro   0x00000000000137d0      0x295 ./Core/Src/gpio.o
 .debug_macro   0x0000000000013a65      0x126 ./Core/Src/gpio.o
 .debug_macro   0x0000000000013b8b      0x1a3 ./Core/Src/gpio.o
 .debug_macro   0x0000000000013d2e      0x435 ./Core/Src/main.o
 .debug_macro   0x0000000000014163       0xeb ./Core/Src/main.o
 .debug_macro   0x000000000001424e       0x18 ./Core/Src/main.o
 .debug_macro   0x0000000000014266       0x52 ./Core/Src/main.o
 .debug_macro   0x00000000000142b8       0x3c ./Core/Src/main.o
 .debug_macro   0x00000000000142f4       0x34 ./Core/Src/main.o
 .debug_macro   0x0000000000014328       0x16 ./Core/Src/main.o
 .debug_macro   0x000000000001433e       0x35 ./Core/Src/main.o
 .debug_macro   0x0000000000014373       0x16 ./Core/Src/main.o
 .debug_macro   0x0000000000014389       0x43 ./Core/Src/main.o
 .debug_macro   0x00000000000143cc       0x34 ./Core/Src/main.o
 .debug_macro   0x0000000000014400       0x10 ./Core/Src/main.o
 .debug_macro   0x0000000000014410       0x58 ./Core/Src/main.o
 .debug_macro   0x0000000000014468       0x71 ./Core/Src/main.o
 .debug_macro   0x00000000000144d9       0x1c ./Core/Src/main.o
 .debug_macro   0x00000000000144f5      0x12a ./Core/Src/main.o
 .debug_macro   0x000000000001461f      0x333 ./Core/Src/main.o
 .debug_macro   0x0000000000014952       0x16 ./Core/Src/main.o
 .debug_macro   0x0000000000014968       0x29 ./Core/Src/main.o
 .debug_macro   0x0000000000014991       0x12 ./Core/Src/main.o
 .debug_macro   0x00000000000149a3       0xe2 ./Core/Src/main.o
 .debug_macro   0x0000000000014a85       0x8e ./Core/Src/main.o
 .debug_macro   0x0000000000014b13       0x1c ./Core/Src/main.o
 .debug_macro   0x0000000000014b2f       0x10 ./Core/Src/main.o
 .debug_macro   0x0000000000014b3f       0x10 ./Core/Src/main.o
 .debug_macro   0x0000000000014b4f       0x1c ./Core/Src/main.o
 .debug_macro   0x0000000000014b6b       0x52 ./Core/Src/main.o
 .debug_macro   0x0000000000014bbd       0x22 ./Core/Src/main.o
 .debug_macro   0x0000000000014bdf       0x10 ./Core/Src/main.o
 .debug_macro   0x0000000000014bef       0x40 ./Core/Src/main.o
 .debug_macro   0x0000000000014c2f       0xd5 ./Core/Src/main.o
 .debug_macro   0x0000000000014d04       0x1c ./Core/Src/main.o
 .debug_macro   0x0000000000014d20       0x3d ./Core/Src/main.o
 .debug_macro   0x0000000000014d5d       0x16 ./Core/Src/main.o
 .debug_macro   0x0000000000014d73      0x145 ./Core/Src/main.o
 .debug_macro   0x0000000000014eb8       0x16 ./Core/Src/main.o
 .debug_macro   0x0000000000014ece       0x20 ./Core/Src/main.o
 .debug_macro   0x0000000000014eee      0x1dd ./Core/Src/spi.o
 .debug_macro   0x00000000000150cb      0x1d3 ./Core/Src/stm32f4xx_hal_msp.o
 .debug_macro   0x000000000001529e      0x1dd ./Core/Src/stm32f4xx_it.o
 .debug_macro   0x000000000001547b       0xff ./Core/Src/sysmem.o
 .debug_macro   0x000000000001557a      0x23b ./Core/Src/sysmem.o
 .debug_macro   0x00000000000157b5      0x1c4 ./Core/Src/system_stm32f4xx.o
 .debug_macro   0x0000000000015979      0x1dd ./Core/Src/usart.o
 .debug_macro   0x0000000000015b56      0x224 ./Drivers/STM32F4xx_HAL_Driver/Src/stm32f4xx_hal.o
 .debug_macro   0x0000000000015d7a      0x1c4 ./Drivers/STM32F4xx_HAL_Driver/Src/stm32f4xx_hal_cortex.o
 .debug_macro   0x0000000000015f3e      0x1ca ./Drivers/STM32F4xx_HAL_Driver/Src/stm32f4xx_hal_flash.o
 .debug_macro   0x0000000000016108      0x1ca ./Drivers/STM32F4xx_HAL_Driver/Src/stm32f4xx_hal_flash_ex.o
 .debug_macro   0x00000000000162d2      0x1ca ./Drivers/STM32F4xx_HAL_Driver/Src/stm32f4xx_hal_gpio.o
 .debug_macro   0x000000000001649c      0x1e8 ./Drivers/STM32F4xx_HAL_Driver/Src/stm32f4xx_hal_rcc.o
 .debug_macro   0x0000000000016684      0x1c4 ./Drivers/STM32F4xx_HAL_Driver/Src/stm32f4xx_hal_rcc_ex.o
 .debug_macro   0x0000000000016848      0x1d3 ./Drivers/STM32F4xx_HAL_Driver/Src/stm32f4xx_hal_spi.o
 .debug_macro   0x0000000000016a1b      0x1c5 ./Drivers/STM32F4xx_HAL_Driver/Src/stm32f4xx_hal_uart.o
 .debug_macro   0x0000000000016be0      0x2f8 ./FATFS/App/fatfs.o
 .debug_macro   0x0000000000016ed8       0xe5 ./FATFS/App/fatfs.o
 .debug_macro   0x0000000000016fbd      0x327 ./FATFS/Target/user_diskio.o
 .debug_macro   0x00000000000172e4       0x10 ./FATFS/Target/user_diskio.o
 .debug_macro   0x00000000000172f4       0x16 ./FATFS/Target/user_diskio.o
 .debug_macro   0x000000000001730a       0x7c ./FATFS/Target/user_diskio.o
 .debug_macro   0x0000000000017386       0xd9 ./FATFS/Target/user_diskio.o
 .debug_macro   0x000000000001745f       0x56 ./FATFS/Target/user_diskio.o
 .debug_macro   0x00000000000174b5      0x39f ./FATFS/Target/user_diskio_spi.o
 .debug_macro   0x0000000000017854      0x1a9 ./FATFS/Target/user_diskio_spi.o
 .debug_macro   0x00000000000179fd      0x2e5 ./Middlewares/Third_Party/FatFs/src/diskio.o
 .debug_macro   0x0000000000017ce2      0x6ec ./Middlewares/Third_Party/FatFs/src/ff.o
 .debug_macro   0x00000000000183ce       0x58 ./Middlewares/Third_Party/FatFs/src/ff.o
 .debug_macro   0x0000000000018426      0x2e5 ./Middlewares/Third_Party/FatFs/src/ff_gen_drv.o

.debug_line     0x0000000000000000    0x14777
 .debug_line    0x0000000000000000      0x7c1 ./Core/Src/gpio.o
 .debug_line    0x00000000000007c1      0xd11 ./Core/Src/main.o
 .debug_line    0x00000000000014d2      0x74e ./Core/Src/spi.o
 .debug_line    0x0000000000001c20      0x6de ./Core/Src/stm32f4xx_hal_msp.o
 .debug_line    0x00000000000022fe      0x79f ./Core/Src/stm32f4xx_it.o
 .debug_line    0x0000000000002a9d      0x534 ./Core/Src/sysmem.o
 .debug_line    0x0000000000002fd1      0x75e ./Core/Src/system_stm32f4xx.o
 .debug_line    0x000000000000372f      0x746 ./Core/Src/usart.o
 .debug_line    0x0000000000003e75       0x88 ./Core/Startup/startup_stm32f411vetx.o
 .debug_line    0x0000000000003efd      0x9d8 ./Drivers/STM32F4xx_HAL_Driver/Src/stm32f4xx_hal.o
 .debug_line    0x00000000000048d5      0xe38 ./Drivers/STM32F4xx_HAL_Driver/Src/stm32f4xx_hal_cortex.o
 .debug_line    0x000000000000570d      0xacc ./Drivers/STM32F4xx_HAL_Driver/Src/stm32f4xx_hal_flash.o
 .debug_line    0x00000000000061d9      0xcb5 ./Drivers/STM32F4xx_HAL_Driver/Src/stm32f4xx_hal_flash_ex.o
 .debug_line    0x0000000000006e8e      0xc9d ./Drivers/STM32F4xx_HAL_Driver/Src/stm32f4xx_hal_gpio.o
 .debug_line    0x0000000000007b2b      0xefa ./Drivers/STM32F4xx_HAL_Driver/Src/stm32f4xx_hal_rcc.o
 .debug_line    0x0000000000008a25      0xb2d ./Drivers/STM32F4xx_HAL_Driver/Src/stm32f4xx_hal_rcc_ex.o
 .debug_line    0x0000000000009552     0x1de6 ./Drivers/STM32F4xx_HAL_Driver/Src/stm32f4xx_hal_spi.o
 .debug_line    0x000000000000b338     0x2bca ./Drivers/STM32F4xx_HAL_Driver/Src/stm32f4xx_hal_uart.o
 .debug_line    0x000000000000df02      0x8d6 ./FATFS/App/fatfs.o
 .debug_line    0x000000000000e7d8      0x941 ./FATFS/Target/user_diskio.o
 .debug_line    0x000000000000f119      0xfa9 ./FATFS/Target/user_diskio_spi.o
 .debug_line    0x00000000000100c2      0x945 ./Middlewares/Third_Party/FatFs/src/diskio.o
 .debug_line    0x0000000000010a07     0x340d ./Middlewares/Third_Party/FatFs/src/ff.o
 .debug_line    0x0000000000013e14      0x963 ./Middlewares/Third_Party/FatFs/src/ff_gen_drv.o

.debug_str      0x0000000000000000    0x8a8f7
 .debug_str     0x0000000000000000    0x814e5 ./Core/Src/gpio.o
                                      0x8178e (size before relaxing)
 .debug_str     0x00000000000814e5     0x5392 ./Core/Src/main.o
                                      0x86c22 (size before relaxing)
 .debug_str     0x0000000000086877       0x4b ./Core/Src/spi.o
                                      0x81beb (size before relaxing)
 .debug_str     0x00000000000868c2       0x2c ./Core/Src/stm32f4xx_hal_msp.o
                                      0x816f1 (size before relaxing)
 .debug_str     0x00000000000868ee       0xbd ./Core/Src/stm32f4xx_it.o
                                      0x8166d (size before relaxing)
 .debug_str     0x00000000000869ab      0x4e9 ./Core/Src/sysmem.o
                                       0x62ae (size before relaxing)
 .debug_str     0x0000000000086e94       0xaf ./Core/Src/system_stm32f4xx.o
                                      0x810c1 (size before relaxing)
 .debug_str     0x0000000000086f43       0x57 ./Core/Src/usart.o
                                      0x81bf3 (size before relaxing)
 .debug_str     0x0000000000086f9a       0x36 ./Core/Startup/startup_stm32f411vetx.o
                                         0x7f (size before relaxing)
 .debug_str     0x0000000000086fd0      0x8f7 ./Drivers/STM32F4xx_HAL_Driver/Src/stm32f4xx_hal.o
                                      0x81a4b (size before relaxing)
 .debug_str     0x00000000000878c7      0x399 ./Drivers/STM32F4xx_HAL_Driver/Src/stm32f4xx_hal_cortex.o
                                      0x8183c (size before relaxing)
 .debug_str     0x0000000000087c60      0x2a9 ./Drivers/STM32F4xx_HAL_Driver/Src/stm32f4xx_hal_flash.o
                                      0x8129a (size before relaxing)
 .debug_str     0x0000000000087f09      0x323 ./Drivers/STM32F4xx_HAL_Driver/Src/stm32f4xx_hal_flash_ex.o
                                      0x813d3 (size before relaxing)
 .debug_str     0x000000000008822c      0x15f ./Drivers/STM32F4xx_HAL_Driver/Src/stm32f4xx_hal_gpio.o
                                      0x81268 (size before relaxing)
 .debug_str     0x000000000008838b      0x24e ./Drivers/STM32F4xx_HAL_Driver/Src/stm32f4xx_hal_rcc.o
                                      0x814c3 (size before relaxing)
 .debug_str     0x00000000000885d9      0x1aa ./Drivers/STM32F4xx_HAL_Driver/Src/stm32f4xx_hal_rcc_ex.o
                                      0x81241 (size before relaxing)
 .debug_str     0x0000000000088783      0x584 ./Drivers/STM32F4xx_HAL_Driver/Src/stm32f4xx_hal_spi.o
                                      0x81953 (size before relaxing)
 .debug_str     0x0000000000088d07      0x5fc ./Drivers/STM32F4xx_HAL_Driver/Src/stm32f4xx_hal_uart.o
                                      0x81a37 (size before relaxing)
 .debug_str     0x0000000000089303       0x2f ./FATFS/App/fatfs.o
                                      0x85023 (size before relaxing)
 .debug_str     0x0000000000089332       0x8b ./FATFS/Target/user_diskio.o
                                      0x84fd6 (size before relaxing)
 .debug_str     0x00000000000893bd      0x407 ./FATFS/Target/user_diskio_spi.o
                                      0x85752 (size before relaxing)
 .debug_str     0x00000000000897c4       0x52 ./Middlewares/Third_Party/FatFs/src/diskio.o
                                      0x84f43 (size before relaxing)
 .debug_str     0x0000000000089816     0x103f ./Middlewares/Third_Party/FatFs/src/ff.o
                                      0x86168 (size before relaxing)
 .debug_str     0x000000000008a855       0xa2 ./Middlewares/Third_Party/FatFs/src/ff_gen_drv.o
                                      0x84f94 (size before relaxing)

.comment        0x0000000000000000       0x53
 .comment       0x0000000000000000       0x53 ./Core/Src/gpio.o
                                         0x54 (size before relaxing)
 .comment       0x0000000000000053       0x54 ./Core/Src/main.o
 .comment       0x0000000000000053       0x54 ./Core/Src/spi.o
 .comment       0x0000000000000053       0x54 ./Core/Src/stm32f4xx_hal_msp.o
 .comment       0x0000000000000053       0x54 ./Core/Src/stm32f4xx_it.o
 .comment       0x0000000000000053       0x54 ./Core/Src/sysmem.o
 .comment       0x0000000000000053       0x54 ./Core/Src/system_stm32f4xx.o
 .comment       0x0000000000000053       0x54 ./Core/Src/usart.o
 .comment       0x0000000000000053       0x54 ./Drivers/STM32F4xx_HAL_Driver/Src/stm32f4xx_hal.o
 .comment       0x0000000000000053       0x54 ./Drivers/STM32F4xx_HAL_Driver/Src/stm32f4xx_hal_cortex.o
 .comment       0x0000000000000053       0x54 ./Drivers/STM32F4xx_HAL_Driver/Src/stm32f4xx_hal_flash.o
 .comment       0x0000000000000053       0x54 ./Drivers/STM32F4xx_HAL_Driver/Src/stm32f4xx_hal_flash_ex.o
 .comment       0x0000000000000053       0x54 ./Drivers/STM32F4xx_HAL_Driver/Src/stm32f4xx_hal_gpio.o
 .comment       0x0000000000000053       0x54 ./Drivers/STM32F4xx_HAL_Driver/Src/stm32f4xx_hal_rcc.o
 .comment       0x0000000000000053       0x54 ./Drivers/STM32F4xx_HAL_Driver/Src/stm32f4xx_hal_rcc_ex.o
 .comment       0x0000000000000053       0x54 ./Drivers/STM32F4xx_HAL_Driver/Src/stm32f4xx_hal_spi.o
 .comment       0x0000000000000053       0x54 ./Drivers/STM32F4xx_HAL_Driver/Src/stm32f4xx_hal_uart.o
 .comment       0x0000000000000053       0x54 ./FATFS/App/fatfs.o
 .comment       0x0000000000000053       0x54 ./FATFS/Target/user_diskio.o
 .comment       0x0000000000000053       0x54 ./FATFS/Target/user_diskio_spi.o
 .comment       0x0000000000000053       0x54 ./Middlewares/Third_Party/FatFs/src/diskio.o
 .comment       0x0000000000000053       0x54 ./Middlewares/Third_Party/FatFs/src/ff.o
 .comment       0x0000000000000053       0x54 ./Middlewares/Third_Party/FatFs/src/ff_gen_drv.o

.debug_frame    0x0000000000000000     0x3a7c
 .debug_frame   0x0000000000000000       0x38 ./Core/Src/gpio.o
 .debug_frame   0x0000000000000038      0x180 ./Core/Src/main.o
 .debug_frame   0x00000000000001b8       0x74 ./Core/Src/spi.o
 .debug_frame   0x000000000000022c       0x34 ./Core/Src/stm32f4xx_hal_msp.o
 .debug_frame   0x0000000000000260      0x104 ./Core/Src/stm32f4xx_it.o
 .debug_frame   0x0000000000000364       0x34 ./Core/Src/sysmem.o
 .debug_frame   0x0000000000000398       0x58 ./Core/Src/system_stm32f4xx.o
 .debug_frame   0x00000000000003f0       0x74 ./Core/Src/usart.o
 .debug_frame   0x0000000000000464      0x374 ./Drivers/STM32F4xx_HAL_Driver/Src/stm32f4xx_hal.o
 .debug_frame   0x00000000000007d8      0x494 ./Drivers/STM32F4xx_HAL_Driver/Src/stm32f4xx_hal_cortex.o
 .debug_frame   0x0000000000000c6c      0x264 ./Drivers/STM32F4xx_HAL_Driver/Src/stm32f4xx_hal_flash.o