main.c:101:6:MY_FLASH_EraseSector	8	static
main.c:109:6:MY_FLASH_SetSectorAddrs	16	static
main.c:116:6:MY_FLASH_WriteN	40	static
main.c:156:6:MY_FLASH_ReadN	40	static
main.c:185:6:errorBlink	8	static
main.c:190:6:successBlink	8	static
main.c:200:5:main	3192	static
main.c:333:6:SystemClock_Config	88	static
main.c:373:6:ExecMainFW	16	static,ignoring_inline_asm
main.c:404:6:jumpToApp	24	static,ignoring_inline_asm
main.c:419:6:Error_Handler	4	static,ignoring_inline_asm
main.c:436:6:assert_failed	16	static
