11:34:29 **** Incremental Build of configuration Debug for project app ****
make -j3 all 
arm-none-eabi-gcc "../Core/Src/system_stm32f4xx.c" -mcpu=cortex-m4 -std=gnu11 -g3 -DDEBUG -DUSE_HAL_DRIVER -DSTM32F411xE -c -I../Core/Inc -I../Drivers/STM32F4xx_HAL_Driver/Inc -I../Drivers/STM32F4xx_HAL_Driver/Inc/Legacy -I../Drivers/CMSIS/Device/ST/STM32F4xx/Include -I../Drivers/CMSIS/Include -O0 -ffunction-sections -fdata-sections -Wall -fstack-usage -MMD -MP -MF"Core/Src/system_stm32f4xx.d" -MT"Core/Src/system_stm32f4xx.o" --specs=nano.specs -mfpu=fpv4-sp-d16 -mfloat-abi=hard -mthumb -o "Core/Src/system_stm32f4xx.o"
arm-none-eabi-gcc -o "app.elf" @"objects.list"   -mcpu=cortex-m4 -T"/Users/hlovatskyibohdan/STM32CubeIDE/workspace_1.13.0/app/STM32F411VETX_FLASH.ld" --specs=nosys.specs -Wl,-Map="app.map" -Wl,--gc-sections -static --specs=nano.specs -mfpu=fpv4-sp-d16 -mfloat-abi=hard -mthumb -Wl,--start-group -lc -lm -Wl,--end-group
Finished building target: app.elf
 
arm-none-eabi-size   app.elf 
arm-none-eabi-objdump -h -S  app.elf  > "app.list"
arm-none-eabi-objcopy  -O binary  app.elf  "app.bin"
   text	   data	    bss	    dec	    hex	filename
   6436	     20	   1572	   8028	   1f5c	app.elf
Finished building: default.size.stdout
 
Finished building: app.bin
 
Finished building: app.list
 

11:34:32 Build Finished. 0 errors, 0 warnings. (took 2s.791ms)

